ARM Linker, 4.1 [Build 894] [Professional]

==============================================================================

Section Cross References

    main.o(.text) refers to os_sem.o(.text) for OSSemPend
    main.o(.text) refers to 485ann.o(.text) for scanf_slave_machine
    main.o(.text) refers to 24cxx.o(.text) for AT24CXX_ReadOneByte
    main.o(.text) refers to os_cpu_a.o(.text) for OS_CPU_SR_Save
    main.o(.text) refers to os_task.o(.text) for OSTaskSuspend
    main.o(.text) refers to ht1621.o(.text) for HT595_Send_Byte
    main.o(.text) refers to delay.o(.text) for delay_ms
    main.o(.text) refers to stm32f10x_gpio.o(.text) for GPIO_SetBits
    main.o(.text) refers to key.o(.text) for key_idset
    main.o(.text) refers to 485ann.o(.data) for scan_slave
    main.o(.text) refers to 485ann.o(.bss) for mybox
    main.o(.text) refers to key.o(.data) for id_num
    main.o(.text) refers to main.o(.data) for temperature_warn
    main.o(.text) refers to os_mbox.o(.text) for OSMboxPend
    main.o(.text) refers to os_core.o(.text) for OSStatInit
    main.o(.text) refers to stm32f10x_rcc.o(.text) for RCC_APB2PeriphClockCmd
    main.o(.text) refers to stm32f10x_exti.o(.text) for EXTI_Init
    main.o(.text) refers to misc.o(.text) for NVIC_Init
    main.o(.text) refers to sys.o(.text) for NVIC_Configuration
    main.o(.text) refers to adc.o(.text) for Adc_Init
    main.o(.text) refers to rs485.o(.text) for RS485_Init
    main.o(.text) refers to main.o(.bss) for MASTER_TASK_STK
    system_stm32f10x.o(.text) refers to system_stm32f10x.o(.data) for SystemCoreClock
    led.o(.text) refers to stm32f10x_rcc.o(.text) for RCC_APB2PeriphClockCmd
    led.o(.text) refers to stm32f10x_gpio.o(.text) for GPIO_Init
    myiic.o(.text) refers to delay.o(.text) for delay_us
    24cxx.o(.text) refers to myiic.o(.text) for IIC_Init
    24cxx.o(.text) refers to delay.o(.text) for delay_ms
    adc.o(.text) refers to stm32f10x_rcc.o(.text) for RCC_APB2PeriphClockCmd
    adc.o(.text) refers to stm32f10x_gpio.o(.text) for GPIO_Init
    adc.o(.text) refers to stm32f10x_adc.o(.text) for ADC_DeInit
    rs485.o(.text) refers to stm32f10x_rcc.o(.text) for RCC_APB2PeriphClockCmd
    rs485.o(.text) refers to stm32f10x_gpio.o(.text) for GPIO_Init
    rs485.o(.text) refers to stm32f10x_usart.o(.text) for USART_Init
    rs485.o(.text) refers to misc.o(.text) for NVIC_Init
    ht1621.o(.text) refers to delay.o(.text) for delay_us
    ht1621.o(.text) refers to ht1621.o(.data) for ht1621_595
    ht1621.o(.text) refers to main.o(.data) for auto_on
    ht1621.o(.text) refers to 485ann.o(.data) for L_C_flag
    key.o(.text) refers to 485ann.o(.text) for LIGHT
    key.o(.text) refers to delay.o(.text) for delay_us
    key.o(.text) refers to ht1621.o(.text) for Clera_lcd
    key.o(.text) refers to 24cxx.o(.text) for AT24CXX_WriteOneByte
    key.o(.text) refers to key.o(.data) for m
    key.o(.text) refers to 485ann.o(.data) for mystatus
    lcd.o(.text) refers to _printf_percent.o(.ARM.Collect$$_printf_percent$$00000000) for _printf_percent
    lcd.o(.text) refers to _printf_x.o(.ARM.Collect$$_printf_percent$$0000000C) for _printf_x
    lcd.o(.text) refers to _printf_hex_int.o(.text) for _printf_longlong_hex
    lcd.o(.text) refers to delay.o(.text) for delay_us
    lcd.o(.text) refers to lcd.o(.bss) for lcddev
    lcd.o(.text) refers to stm32f10x_rcc.o(.text) for RCC_AHBPeriphClockCmd
    lcd.o(.text) refers to stm32f10x_gpio.o(.text) for GPIO_Init
    lcd.o(.text) refers to stm32f10x_fsmc.o(.text) for FSMC_NORSRAMInit
    lcd.o(.text) refers to noretval__2printf.o(.text) for __2printf
    lcd.o(.text) refers to lcd.o(.data) for POINT_COLOR
    lcd.o(.text) refers to lcd.o(.constdata) for asc2_1206
    wdg.o(.text) refers to stm32f10x_iwdg.o(.text) for IWDG_WriteAccessCmd
    wdg.o(.text) refers to misc.o(.text) for NVIC_Init
    wdg.o(.text) refers to stm32f10x_rcc.o(.text) for RCC_APB1PeriphClockCmd
    wdg.o(.text) refers to stm32f10x_wwdg.o(.text) for WWDG_SetPrescaler
    wdg.o(.text) refers to wdg.o(.data) for WWDG_CNT
    delay.o(.text) refers to os_core.o(.text) for OSIntEnter
    delay.o(.text) refers to misc.o(.text) for SysTick_CLKSourceConfig
    delay.o(.text) refers to os_time.o(.text) for OSTimeDly
    delay.o(.text) refers to system_stm32f10x.o(.data) for SystemCoreClock
    delay.o(.text) refers to delay.o(.data) for fac_us
    delay.o(.text) refers to os_core.o(.data) for OSRunning
    sys.o(.text) refers to misc.o(.text) for NVIC_PriorityGroupConfig
    usart.o(.rev16_text) refers (Special) to use_no_semi_2.o(.text) for __use_no_semihosting
    usart.o(.revsh_text) refers (Special) to use_no_semi_2.o(.text) for __use_no_semihosting
    usart.o(.text) refers (Special) to use_no_semi_2.o(.text) for __use_no_semihosting
    usart.o(.text) refers to stm32f10x_rcc.o(.text) for RCC_APB2PeriphClockCmd
    usart.o(.text) refers to stm32f10x_gpio.o(.text) for GPIO_Init
    usart.o(.text) refers to misc.o(.text) for NVIC_Init
[...]
    __rt_entry_postsh_1                      0x080001f7   Thumb Code     0  rtentry2.o(.ARM.Collect$$rtentry$$00000009)
    __rt_entry_main                          0x080001fb   Thumb Code     0  rtentry2.o(.ARM.Collect$$rtentry$$0000000D)
    __rt_entry_postli_1                      0x080001fb   Thumb Code     0  rtentry2.o(.ARM.Collect$$rtentry$$0000000C)
    __rt_exit                                0x08000203   Thumb Code     0  rtexit.o(.ARM.Collect$$rtexit$$00000000)
    __rt_exit_ls                             0x08000205   Thumb Code     0  rtexit2.o(.ARM.Collect$$rtexit$$00000003)
    __rt_exit_prels_1                        0x08000205   Thumb Code     0  rtexit2.o(.ARM.Collect$$rtexit$$00000002)
    __rt_exit_exit                           0x08000209   Thumb Code     0  rtexit2.o(.ARM.Collect$$rtexit$$00000004)
    scanf_task                               0x08000211   Thumb Code    30  main.o(.text)
    SETID_task                               0x0800022f   Thumb Code   146  main.o(.text)
    warn                                     0x080002c1   Thumb Code   160  main.o(.text)
    myled_task                               0x08000361   Thumb Code    18  main.o(.text)
    slave_control                            0x08000373   Thumb Code  1698  main.o(.text)
    Receive_task                             0x08000a15   Thumb Code   112  main.o(.text)
    master_task                              0x08000a85   Thumb Code   174  main.o(.text)
    start_task                               0x08000b33   Thumb Code   152  main.o(.text)
    EXTI_Configuration                       0x08000bcb   Thumb Code   106  main.o(.text)
    main                                     0x08000c35   Thumb Code   134  main.o(.text)
    EXTI15_10_IRQHandler                     0x08000cbb   Thumb Code   316  main.o(.text)
    NMI_Handler                              0x08000e61   Thumb Code     2  stm32f10x_it.o(.text)
    HardFault_Handler                        0x08000e63   Thumb Code     4  stm32f10x_it.o(.text)
    MemManage_Handler                        0x08000e67   Thumb Code     4  stm32f10x_it.o(.text)
    BusFault_Handler                         0x08000e6b   Thumb Code     4  stm32f10x_it.o(.text)
    UsageFault_Handler                       0x08000e6f   Thumb Code     4  stm32f10x_it.o(.text)
    SVC_Handler                              0x08000e73   Thumb Code     2  stm32f10x_it.o(.text)
    DebugMon_Handler                         0x08000e75   Thumb Code     2  stm32f10x_it.o(.text)
    SystemInit                               0x08000f41   Thumb Code    78  system_stm32f10x.o(.text)
    SystemCoreClockUpdate                    0x08000f8f   Thumb Code   142  system_stm32f10x.o(.text)
    IIC_Init                                 0x08001041   Thumb Code    74  myiic.o(.text)
    IIC_Start                                0x0800108b   Thumb Code    68  myiic.o(.text)
    IIC_Stop                                 0x080010cf   Thumb Code    66  myiic.o(.text)
    IIC_Wait_Ack                             0x08001111   Thumb Code    82  myiic.o(.text)
    IIC_Ack                                  0x08001163   Thumb Code    72  myiic.o(.text)
    IIC_NAck                                 0x080011ab   Thumb Code    72  myiic.o(.text)
    IIC_Send_Byte                            0x080011f3   Thumb Code    96  myiic.o(.text)
    IIC_Read_Byte                            0x08001253   Thumb Code    98  myiic.o(.text)
    AT24CXX_Init                             0x080012d5   Thumb Code     8  24cxx.o(.text)
    AT24CXX_ReadOneByte                      0x080012dd   Thumb Code    84  24cxx.o(.text)
    AT24CXX_WriteOneByte                     0x08001331   Thumb Code    76  24cxx.o(.text)
    AT24CXX_WriteLenByte                     0x0800137d   Thumb Code    42  24cxx.o(.text)
    AT24CXX_ReadLenByte                      0x080013a7   Thumb Code    44  24cxx.o(.text)
    AT24CXX_Check                            0x080013d3   Thumb Code    46  24cxx.o(.text)
    AT24CXX_Read                             0x08001401   Thumb Code    34  24cxx.o(.text)
    AT24CXX_Write                            0x08001423   Thumb Code    36  24cxx.o(.text)
    Adc_Init                                 0x08001449   Thumb Code   300  adc.o(.text)
    Get_Adc                                  0x08001575   Thumb Code    46  adc.o(.text)
    Get_Adc_Average                          0x080015a3   Thumb Code    40  adc.o(.text)
    Get_Adc_13_5                             0x080015cb   Thumb Code    46  adc.o(.text)
    Get_Adc_Average_13_5                     0x080015f9   Thumb Code    40  adc.o(.text)
    Get_Adc2                                 0x08001621   Thumb Code    46  adc.o(.text)
    Get_Adc2_Average                         0x0800164f   Thumb Code    40  adc.o(.text)
    RS485_Init                               0x08001689   Thumb Code   200  rs485.o(.text)
    SendBit_1621                             0x08001761   Thumb Code    88  ht1621.o(.text)
    SendCmd                                  0x080017b9   Thumb Code    40  ht1621.o(.text)
    HT1621_Init                              0x080017e1   Thumb Code   134  ht1621.o(.text)
    SendDataBit_1621                         0x08001867   Thumb Code    86  ht1621.o(.text)
    Write_1621                               0x080018bd   Thumb Code    70  ht1621.o(.text)
    WriteAll_1621                            0x08001903   Thumb Code    88  ht1621.o(.text)
    Clera_lcd                                0x0800195b   Thumb Code    58  ht1621.o(.text)
    Graf_con_u                               0x08001995   Thumb Code   274  ht1621.o(.text)
    Graf_cuirrent                            0x08001aa7   Thumb Code   260  ht1621.o(.text)
    Graf_qkvar                               0x08001bab   Thumb Code   196  ht1621.o(.text)
    Graf_temp                                0x08001c6f   Thumb Code   136  ht1621.o(.text)
    Graf_id                                  0x08001cf7   Thumb Code   226  ht1621.o(.text)
    Graf_ver                                 0x08001dd9   Thumb Code   136  ht1621.o(.text)
    Graf_setid                               0x08001e61   Thumb Code   114  ht1621.o(.text)
    HT595_Send_Byte                          0x08001ed3   Thumb Code   102  ht1621.o(.text)
    KEY_Init                                 0x08001f55   Thumb Code    62  key.o(.text)
    key_idset                                0x08001f93   Thumb Code   472  key.o(.text)
    IWDG_Init                                0x080021ad   Thumb Code    36  wdg.o(.text)
    IWDG_Feed                                0x080021d1   Thumb Code     8  wdg.o(.text)
    WWDG_NVIC_Init                           0x080021d9   Thumb Code    24  wdg.o(.text)
    WWDG_Init                                0x080021f1   Thumb Code    60  wdg.o(.text)
    WWDG_Set_Counter                         0x0800222d   Thumb Code    12  wdg.o(.text)
    WWDG_IRQHandler                          0x08002239   Thumb Code    16  wdg.o(.text)
    SysTick_Handler                          0x0800224d   Thumb Code    16  delay.o(.text)
    delay_init                               0x0800225d   Thumb Code    76  delay.o(.text)
    delay_us                                 0x080022a9   Thumb Code    70  delay.o(.text)
    delay_ms                                 0x080022ef   Thumb Code    62  delay.o(.text)
    nodelay_ms                               0x0800232d   Thumb Code    32  delay.o(.text)
    NVIC_Configuration                       0x08002361   Thumb Code    12  sys.o(.text)
    _sys_exit                                0x0800236d   Thumb Code     6  usart.o(.text)
    fputc                                    0x08002373   Thumb Code    22  usart.o(.text)
    uart_init                                0x08002389   Thumb Code   152  usart.o(.text)
    USART1_IRQHandler                        0x08002421   Thumb Code   130  usart.o(.text)
    Reset_Handler                            0x080024b5   Thumb Code     8  startup_stm32f10x_hd.o(.text)
    ADC1_2_IRQHandler                        0x080024cf   Thumb Code     0  startup_stm32f10x_hd.o(.text)
    ADC3_IRQHandler                          0x080024cf   Thumb Code     0  startup_stm32f10x_hd.o(.text)
    CAN1_RX1_IRQHandler                      0x080024cf   Thumb Code     0  startup_stm32f10x_hd.o(.text)
    CAN1_SCE_IRQHandler                      0x080024cf   Thumb Code     0  startup_stm32f10x_hd.o(.text)
    DMA1_Channel1_IRQHandler                 0x080024cf   Thumb Code     0  startup_stm32f10x_hd.o(.text)
    DMA1_Channel2_IRQHandler                 0x080024cf   Thumb Code     0  startup_stm32f10x_hd.o(.text)
    DMA1_Channel3_IRQHandler                 0x080024cf   Thumb Code     0  startup_stm32f10x_hd.o(.text)
    DMA1_Channel4_IRQHandler                 0x080024cf   Thumb Code     0  startup_stm32f10x_hd.o(.text)
    DMA1_Channel5_IRQHandler                 0x080024cf   Thumb Code     0  startup_stm32f10x_hd.o(.text)
    DMA1_Channel6_IRQHandler                 0x080024cf   Thumb Code     0  startup_stm32f10x_hd.o(.text)
    DMA1_Channel7_IRQHandler                 0x080024cf   Thumb Code     0  startup_stm32f10x_hd.o(.text)
    DMA2_Channel1_IRQHandler                 0x080024cf   Thumb Code     0  startup_stm32f10x_hd.o(.text)
    DMA2_Channel2_IRQHandler                 0x080024cf   Thumb Code     0  startup_stm32f10x_hd.o(.text)
    DMA2_Channel3_IRQHandler                 0x080024cf   Thumb Code     0  startup_stm32f10x_hd.o(.text)
    DMA2_Channel4_5_IRQHandler               0x080024cf   Thumb Code     0  startup_stm32f10x_hd.o(.text)
    EXTI0_IRQHandler                         0x080024cf   Thumb Code     0  startup_stm32f10x_hd.o(.text)
    EXTI1_IRQHandler                         0x080024cf   Thumb Code     0  startup_stm32f10x_hd.o(.text)
    EXTI2_IRQHandler                         0x080024cf   Thumb Code     0  startup_stm32f10x_hd.o(.text)
    EXTI3_IRQHandler                         0x080024cf   Thumb Code     0  startup_stm32f10x_hd.o(.text)
    EXTI4_IRQHandler                         0x080024cf   Thumb Code     0  startup_stm32f10x_hd.o(.text)
    EXTI9_5_IRQHandler                       0x080024cf   Thumb Code     0  startup_stm32f10x_hd.o(.text)
    FLASH_IRQHandler                         0x080024cf   Thumb Code     0  startup_stm32f10x_hd.o(.text)
    FSMC_IRQHandler                          0x080024cf   Thumb Code     0  startup_stm32f10x_hd.o(.text)
    I2C1_ER_IRQHandler                       0x080024cf   Thumb Code     0  startup_stm32f10x_hd.o(.text)
    I2C1_EV_IRQHandler                       0x080024cf   Thumb Code     0  startup_stm32f10x_hd.o(.text)
    I2C2_ER_IRQHandler                       0x080024cf   Thumb Code     0  startup_stm32f10x_hd.o(.text)
    I2C2_EV_IRQHandler                       0x080024cf   Thumb Code     0  startup_stm32f10x_hd.o(.text)
    PVD_IRQHandler                           0x080024cf   Thumb Code     0  startup_stm32f10x_hd.o(.text)
    RCC_IRQHandler                           0x080024cf   Thumb Code     0  startup_stm32f10x_hd.o(.text)
    RTCAlarm_IRQHandler                      0x080024cf   Thumb Code     0  startup_stm32f10x_hd.o(.text)
    RTC_IRQHandler                           0x080024cf   Thumb Code     0  startup_stm32f10x_hd.o(.text)
    SDIO_IRQHandler                          0x080024cf   Thumb Code     0  startup_stm32f10x_hd.o(.text)
    SPI1_IRQHandler                          0x080024cf   Thumb Code     0  startup_stm32f10x_hd.o(.text)
    SPI2_IRQHandler                          0x080024cf   Thumb Code     0  startup_stm32f10x_hd.o(.text)
    SPI3_IRQHandler                          0x080024cf   Thumb Code     0  startup_stm32f10x_hd.o(.text)
    TAMPER_IRQHandler                        0x080024cf   Thumb Code     0  startup_stm32f10x_hd.o(.text)
    TIM1_BRK_IRQHandler                      0x080024cf   Thumb Code     0  startup_stm32f10x_hd.o(.text)
    TIM1_CC_IRQHandler                       0x080024cf   Thumb Code     0  startup_stm32f10x_hd.o(.text)
    TIM1_TRG_COM_IRQHandler                  0x080024cf   Thumb Code     0  startup_stm32f10x_hd.o(.text)
    TIM1_UP_IRQHandler                       0x080024cf   Thumb Code     0  startup_stm32f10x_hd.o(.text)
    TIM2_IRQHandler                          0x080024cf   Thumb Code     0  startup_stm32f10x_hd.o(.text)
    TIM5_IRQHandler                          0x080024cf   Thumb Code     0  startup_stm32f10x_hd.o(.text)
    TIM6_IRQHandler                          0x080024cf   Thumb Code     0  startup_stm32f10x_hd.o(.text)
    TIM7_IRQHandler                          0x080024cf   Thumb Code     0  startup_stm32f10x_hd.o(.text)
    TIM8_BRK_IRQHandler                      0x080024cf   Thumb Code     0  startup_stm32f10x_hd.o(.text)
    TIM8_CC_IRQHandler                       0x080024cf   Thumb Code     0  startup_stm32f10x_hd.o(.text)
    TIM8_TRG_COM_IRQHandler                  0x080024cf   Thumb Code     0  startup_stm32f10x_hd.o(.text)
    TIM8_UP_IRQHandler                       0x080024cf   Thumb Code     0  startup_stm32f10x_hd.o(.text)
    UART4_IRQHandler                         0x080024cf   Thumb Code     0  startup_stm32f10x_hd.o(.text)
    UART5_IRQHandler                         0x080024cf   Thumb Code     0  startup_stm32f10x_hd.o(.text)
    USART3_IRQHandler                        0x080024cf   Thumb Code     0  startup_stm32f10x_hd.o(.text)
    USBWakeUp_IRQHandler                     0x080024cf   Thumb Code     0  startup_stm32f10x_hd.o(.text)
    USB_HP_CAN1_TX_IRQHandler                0x080024cf   Thumb Code     0  startup_stm32f10x_hd.o(.text)
    USB_LP_CAN1_RX0_IRQHandler               0x080024cf   Thumb Code     0  startup_stm32f10x_hd.o(.text)
    __user_initial_stackheap                 0x080024d1   Thumb Code     0  startup_stm32f10x_hd.o(.text)
    NVIC_PriorityGroupConfig                 0x080024f5   Thumb Code    10  misc.o(.text)
    NVIC_Init                                0x080024ff   Thumb Code   102  misc.o(.text)
    NVIC_SetVectorTable                      0x08002565   Thumb Code    14  misc.o(.text)
    NVIC_SystemLPConfig                      0x08002573   Thumb Code    34  misc.o(.text)
    SysTick_CLKSourceConfig                  0x08002595   Thumb Code    40  misc.o(.text)
    GPIO_DeInit                              0x080025d1   Thumb Code   172  stm32f10x_gpio.o(.text)
    GPIO_AFIODeInit                          0x0800267d   Thumb Code    20  stm32f10x_gpio.o(.text)
    GPIO_Init                                0x08002691   Thumb Code   274  stm32f10x_gpio.o(.text)
    GPIO_StructInit                          0x080027a3   Thumb Code    16  stm32f10x_gpio.o(.text)
    GPIO_ReadInputDataBit                    0x080027b3   Thumb Code    18  stm32f10x_gpio.o(.text)
    GPIO_ReadInputData                       0x080027c5   Thumb Code     8  stm32f10x_gpio.o(.text)
    GPIO_ReadOutputDataBit                   0x080027cd   Thumb Code    18  stm32f10x_gpio.o(.text)
    GPIO_ReadOutputData                      0x080027df   Thumb Code     8  stm32f10x_gpio.o(.text)
    GPIO_SetBits                             0x080027e7   Thumb Code     4  stm32f10x_gpio.o(.text)
    GPIO_ResetBits                           0x080027eb   Thumb Code     4  stm32f10x_gpio.o(.text)
    GPIO_WriteBit                            0x080027ef   Thumb Code    10  stm32f10x_gpio.o(.text)
    GPIO_Write                               0x080027f9   Thumb Code     4  stm32f10x_gpio.o(.text)
    GPIO_PinLockConfig                       0x080027fd   Thumb Code    18  stm32f10x_gpio.o(.text)
    GPIO_EventOutputConfig                   0x0800280f   Thumb Code    26  stm32f10x_gpio.o(.text)
    GPIO_EventOutputCmd                      0x08002829   Thumb Code     6  stm32f10x_gpio.o(.text)
    GPIO_PinRemapConfig                      0x0800282f   Thumb Code   138  stm32f10x_gpio.o(.text)
    GPIO_EXTILineConfig                      0x080028b9   Thumb Code    66  stm32f10x_gpio.o(.text)
    GPIO_ETH_MediaInterfaceConfig            0x080028fb   Thumb Code     6  stm32f10x_gpio.o(.text)
    RCC_DeInit                               0x08002929   Thumb Code    64  stm32f10x_rcc.o(.text)
    RCC_HSEConfig                            0x08002969   Thumb Code    70  stm32f10x_rcc.o(.text)
    RCC_GetFlagStatus                        0x080029af   Thumb Code    56  stm32f10x_rcc.o(.text)
    RCC_WaitForHSEStartUp                    0x080029e7   Thumb Code    48  stm32f10x_rcc.o(.text)
    RCC_AdjustHSICalibrationValue            0x08002a17   Thumb Code    20  stm32f10x_rcc.o(.text)
    RCC_HSICmd                               0x08002a2b   Thumb Code     6  stm32f10x_rcc.o(.text)
    RCC_PLLConfig                            0x08002a31   Thumb Code    24  stm32f10x_rcc.o(.text)
    RCC_PLLCmd                               0x08002a49   Thumb Code     6  stm32f10x_rcc.o(.text)
    RCC_SYSCLKConfig                         0x08002a4f   Thumb Code    18  stm32f10x_rcc.o(.text)
    RCC_GetSYSCLKSource                      0x08002a61   Thumb Code    10  stm32f10x_rcc.o(.text)
    RCC_HCLKConfig                           0x08002a6b   Thumb Code    18  stm32f10x_rcc.o(.text)
    RCC_PCLK1Config                          0x08002a7d   Thumb Code    18  stm32f10x_rcc.o(.text)
    RCC_PCLK2Config                          0x08002a8f   Thumb Code    20  stm32f10x_rcc.o(.text)
    RCC_ITConfig                             0x08002aa3   Thumb Code    30  stm32f10x_rcc.o(.text)
    RCC_USBCLKConfig                         0x08002ac1   Thumb Code     6  stm32f10x_rcc.o(.text)
    RCC_ADCCLKConfig                         0x08002ac7   Thumb Code    18  stm32f10x_rcc.o(.text)
    RCC_LSEConfig                            0x08002ad9   Thumb Code    44  stm32f10x_rcc.o(.text)
    RCC_LSICmd                               0x08002b05   Thumb Code     6  stm32f10x_rcc.o(.text)
    RCC_RTCCLKConfig                         0x08002b0b   Thumb Code    12  stm32f10x_rcc.o(.text)
    RCC_RTCCLKCmd                            0x08002b17   Thumb Code     8  stm32f10x_rcc.o(.text)
    RCC_GetClocksFreq                        0x08002b1f   Thumb Code   192  stm32f10x_rcc.o(.text)
    RCC_AHBPeriphClockCmd                    0x08002bdf   Thumb Code    26  stm32f10x_rcc.o(.text)
    RCC_APB2PeriphClockCmd                   0x08002bf9   Thumb Code    26  stm32f10x_rcc.o(.text)
    RCC_APB1PeriphClockCmd                   0x08002c13   Thumb Code    26  stm32f10x_rcc.o(.text)
    RCC_APB2PeriphResetCmd                   0x08002c2d   Thumb Code    26  stm32f10x_rcc.o(.text)
    RCC_APB1PeriphResetCmd                   0x08002c47   Thumb Code    26  stm32f10x_rcc.o(.text)
    RCC_BackupResetCmd                       0x08002c61   Thumb Code     8  stm32f10x_rcc.o(.text)
    RCC_ClockSecuritySystemCmd               0x08002c69   Thumb Code     6  stm32f10x_rcc.o(.text)
    RCC_MCOConfig                            0x08002c6f   Thumb Code     6  stm32f10x_rcc.o(.text)
    RCC_ClearFlag                            0x08002c75   Thumb Code    14  stm32f10x_rcc.o(.text)
    RCC_GetITStatus                          0x08002c83   Thumb Code    20  stm32f10x_rcc.o(.text)
    RCC_ClearITPendingBit                    0x08002c97   Thumb Code     6  stm32f10x_rcc.o(.text)
    USART_DeInit                             0x08002cc9   Thumb Code   134  stm32f10x_usart.o(.text)
    USART_Init                               0x08002d4f   Thumb Code   210  stm32f10x_usart.o(.text)
    USART_StructInit                         0x08002e21   Thumb Code    24  stm32f10x_usart.o(.text)
    USART_ClockInit                          0x08002e39   Thumb Code    34  stm32f10x_usart.o(.text)
    USART_ClockStructInit                    0x08002e5b   Thumb Code    12  stm32f10x_usart.o(.text)
    USART_Cmd                                0x08002e67   Thumb Code    24  stm32f10x_usart.o(.text)
    USART_ITConfig                           0x08002e7f   Thumb Code    74  stm32f10x_usart.o(.text)
    USART_DMACmd                             0x08002ec9   Thumb Code    24  stm32f10x_usart.o(.text)
    USART_SetAddress                         0x08002ee1   Thumb Code    18  stm32f10x_usart.o(.text)
    USART_WakeUpConfig                       0x08002ef3   Thumb Code    18  stm32f10x_usart.o(.text)
    USART_ReceiverWakeUpCmd                  0x08002f05   Thumb Code    24  stm32f10x_usart.o(.text)
    USART_LINBreakDetectLengthConfig         0x08002f1d   Thumb Code    18  stm32f10x_usart.o(.text)
    USART_LINCmd                             0x08002f2f   Thumb Code    24  stm32f10x_usart.o(.text)
    USART_SendData                           0x08002f47   Thumb Code     8  stm32f10x_usart.o(.text)
    USART_ReceiveData                        0x08002f4f   Thumb Code    10  stm32f10x_usart.o(.text)
    USART_SendBreak                          0x08002f59   Thumb Code    10  stm32f10x_usart.o(.text)
    USART_SetGuardTime                       0x08002f63   Thumb Code    16  stm32f10x_usart.o(.text)
    USART_SetPrescaler                       0x08002f73   Thumb Code    16  stm32f10x_usart.o(.text)
    USART_SmartCardCmd                       0x08002f83   Thumb Code    24  stm32f10x_usart.o(.text)
    USART_SmartCardNACKCmd                   0x08002f9b   Thumb Code    24  stm32f10x_usart.o(.text)
    USART_HalfDuplexCmd                      0x08002fb3   Thumb Code    24  stm32f10x_usart.o(.text)
    USART_OverSampling8Cmd                   0x08002fcb   Thumb Code    22  stm32f10x_usart.o(.text)
    USART_OneBitMethodCmd                    0x08002fe1   Thumb Code    24  stm32f10x_usart.o(.text)
    USART_IrDAConfig                         0x08002ff9   Thumb Code    18  stm32f10x_usart.o(.text)
    USART_IrDACmd                            0x0800300b   Thumb Code    24  stm32f10x_usart.o(.text)
    USART_GetFlagStatus                      0x08003023   Thumb Code    26  stm32f10x_usart.o(.text)
    USART_ClearFlag                          0x0800303d   Thumb Code    18  stm32f10x_usart.o(.text)
    USART_GetITStatus                        0x0800304f   Thumb Code    84  stm32f10x_usart.o(.text)
    USART_ClearITPendingBit                  0x080030a3   Thumb Code    50  stm32f10x_usart.o(.text)
    ADC_DeInit                               0x080030d5   Thumb Code    78  stm32f10x_adc.o(.text)
    ADC_Init                                 0x08003123   Thumb Code    70  stm32f10x_adc.o(.text)
    ADC_StructInit                           0x08003169   Thumb Code    18  stm32f10x_adc.o(.text)
    ADC_Cmd                                  0x0800317b   Thumb Code    22  stm32f10x_adc.o(.text)
    ADC_DMACmd                               0x08003191   Thumb Code    22  stm32f10x_adc.o(.text)
    ADC_ITConfig                             0x080031a7   Thumb Code    24  stm32f10x_adc.o(.text)
    ADC_ResetCalibration                     0x080031bf   Thumb Code    10  stm32f10x_adc.o(.text)
    ADC_GetResetCalibrationStatus            0x080031c9   Thumb Code    20  stm32f10x_adc.o(.text)
    ADC_StartCalibration                     0x080031dd   Thumb Code    10  stm32f10x_adc.o(.text)
    ADC_GetCalibrationStatus                 0x080031e7   Thumb Code    20  stm32f10x_adc.o(.text)
    ADC_SoftwareStartConvCmd                 0x080031fb   Thumb Code    22  stm32f10x_adc.o(.text)
    ADC_GetSoftwareStartConvStatus           0x08003211   Thumb Code    20  stm32f10x_adc.o(.text)
    ADC_DiscModeChannelCountConfig           0x08003225   Thumb Code    24  stm32f10x_adc.o(.text)
    ADC_DiscModeCmd                          0x0800323d   Thumb Code    22  stm32f10x_adc.o(.text)
    ADC_RegularChannelConfig                 0x08003253   Thumb Code   184  stm32f10x_adc.o(.text)
    ADC_ExternalTrigConvCmd                  0x0800330b   Thumb Code    22  stm32f10x_adc.o(.text)
    ADC_GetConversionValue                   0x08003321   Thumb Code     8  stm32f10x_adc.o(.text)
    ADC_GetDualModeConversionValue           0x08003329   Thumb Code     8  stm32f10x_adc.o(.text)
    ADC_AutoInjectedConvCmd                  0x08003331   Thumb Code    22  stm32f10x_adc.o(.text)
    ADC_InjectedDiscModeCmd                  0x08003347   Thumb Code    22  stm32f10x_adc.o(.text)
    ADC_ExternalTrigInjectedConvConfig       0x0800335d   Thumb Code    16  stm32f10x_adc.o(.text)
    ADC_ExternalTrigInjectedConvCmd          0x0800336d   Thumb Code    22  stm32f10x_adc.o(.text)
    ADC_SoftwareStartInjectedConvCmd         0x08003383   Thumb Code    22  stm32f10x_adc.o(.text)
    ADC_GetSoftwareStartInjectedConvCmdStatus 0x08003399   Thumb Code    20  stm32f10x_adc.o(.text)
    ADC_InjectedChannelConfig                0x080033ad   Thumb Code   130  stm32f10x_adc.o(.text)
    ADC_InjectedSequencerLengthConfig        0x0800342f   Thumb Code    24  stm32f10x_adc.o(.text)
    ADC_SetInjectedOffset                    0x08003447   Thumb Code    12  stm32f10x_adc.o(.text)
    ADC_GetInjectedConversionValue           0x08003453   Thumb Code    18  stm32f10x_adc.o(.text)
    ADC_AnalogWatchdogCmd                    0x08003465   Thumb Code    16  stm32f10x_adc.o(.text)
    ADC_AnalogWatchdogThresholdsConfig       0x08003475   Thumb Code     6  stm32f10x_adc.o(.text)
    ADC_AnalogWatchdogSingleChannelConfig    0x0800347b   Thumb Code    16  stm32f10x_adc.o(.text)
    ADC_TempSensorVrefintCmd                 0x0800348b   Thumb Code    38  stm32f10x_adc.o(.text)
    ADC_GetFlagStatus                        0x080034b1   Thumb Code    44  stm32f10x_adc.o(.text)
    ADC_ClearFlag                            0x080034dd   Thumb Code     6  stm32f10x_adc.o(.text)
    ADC_GetITStatus                          0x080034e3   Thumb Code    36  stm32f10x_adc.o(.text)
    ADC_ClearITPendingBit                    0x08003507   Thumb Code    10  stm32f10x_adc.o(.text)
    EXTI_DeInit                              0x08003511   Thumb Code    28  stm32f10x_exti.o(.text)
    EXTI_Init                                0x0800352d   Thumb Code   142  stm32f10x_exti.o(.text)
    EXTI_StructInit                          0x080035bb   Thumb Code    16  stm32f10x_exti.o(.text)
    EXTI_GenerateSWInterrupt                 0x080035cb   Thumb Code    16  stm32f10x_exti.o(.text)
    EXTI_GetFlagStatus                       0x080035db   Thumb Code    22  stm32f10x_exti.o(.text)
    EXTI_ClearFlag                           0x080035f1   Thumb Code     8  stm32f10x_exti.o(.text)
    EXTI_GetITStatus                         0x080035f9   Thumb Code    34  stm32f10x_exti.o(.text)
    EXTI_ClearITPendingBit                   0x0800361b   Thumb Code     8  stm32f10x_exti.o(.text)
    IWDG_WriteAccessCmd                      0x0800362d   Thumb Code     6  stm32f10x_iwdg.o(.text)
    IWDG_SetPrescaler                        0x08003633   Thumb Code     6  stm32f10x_iwdg.o(.text)
    IWDG_SetReload                           0x08003639   Thumb Code     6  stm32f10x_iwdg.o(.text)
    IWDG_ReloadCounter                       0x0800363f   Thumb Code    10  stm32f10x_iwdg.o(.text)
    IWDG_Enable                              0x08003649   Thumb Code    10  stm32f10x_iwdg.o(.text)
    IWDG_GetFlagStatus                       0x08003653   Thumb Code    20  stm32f10x_iwdg.o(.text)
    TIM_DeInit                               0x0800366d   Thumb Code   424  stm32f10x_tim.o(.text)
    TIM_TimeBaseInit                         0x08003815   Thumb Code   122  stm32f10x_tim.o(.text)
    TIM_OC1Init                              0x0800388f   Thumb Code   132  stm32f10x_tim.o(.text)
    TIM_OC2Init                              0x08003913   Thumb Code   146  stm32f10x_tim.o(.text)
    TIM_OC3Init                              0x080039a5   Thumb Code   142  stm32f10x_tim.o(.text)
    TIM_OC4Init                              0x08003a33   Thumb Code   174  stm32f10x_tim.o(.text)
    TIM_SetIC4Prescaler                      0x08003ae1   Thumb Code    22  stm32f10x_tim.o(.text)
    TIM_SetIC3Prescaler                      0x08003b6d   Thumb Code    18  stm32f10x_tim.o(.text)
    TIM_SetIC2Prescaler                      0x08003bf1   Thumb Code    22  stm32f10x_tim.o(.text)
    TIM_SetIC1Prescaler                      0x08003c7d   Thumb Code    18  stm32f10x_tim.o(.text)
    TIM_ICInit                               0x08003cf9   Thumb Code   150  stm32f10x_tim.o(.text)
    TIM_PWMIConfig                           0x08003d8f   Thumb Code   124  stm32f10x_tim.o(.text)
    TIM_BDTRConfig                           0x08003e0b   Thumb Code    32  stm32f10x_tim.o(.text)
    TIM_TimeBaseStructInit                   0x08003e2b   Thumb Code    18  stm32f10x_tim.o(.text)
    TIM_OCStructInit                         0x08003e3d   Thumb Code    20  stm32f10x_tim.o(.text)
    TIM_ICStructInit                         0x08003e51   Thumb Code    18  stm32f10x_tim.o(.text)
    TIM_BDTRStructInit                       0x08003e63   Thumb Code    18  stm32f10x_tim.o(.text)
    TIM_Cmd                                  0x08003e75   Thumb Code    24  stm32f10x_tim.o(.text)
    TIM_CtrlPWMOutputs                       0x08003e8d   Thumb Code    50  stm32f10x_tim.o(.text)
    TIM_ITConfig                             0x08003ebf   Thumb Code    24  stm32f10x_tim.o(.text)
    TIM_GenerateEvent                        0x08003ed7   Thumb Code     4  stm32f10x_tim.o(.text)
    TIM_DMAConfig                            0x08003edb   Thumb Code    10  stm32f10x_tim.o(.text)
    TIM_DMACmd                               0x08003ee5   Thumb Code    24  stm32f10x_tim.o(.text)
    TIM_InternalClockConfig                  0x08003efd   Thumb Code    12  stm32f10x_tim.o(.text)
    TIM_SelectInputTrigger                   0x08003f09   Thumb Code    18  stm32f10x_tim.o(.text)
    TIM_ITRxExternalClockConfig              0x08003f1b   Thumb Code    24  stm32f10x_tim.o(.text)
    TIM_TIxExternalClockConfig               0x08003f33   Thumb Code    62  stm32f10x_tim.o(.text)
    TIM_ETRConfig                            0x08003f71   Thumb Code    24  stm32f10x_tim.o(.text)
    TIM_ETRClockMode1Config                  0x08003f89   Thumb Code    54  stm32f10x_tim.o(.text)
    TIM_ETRClockMode2Config                  0x08003fbf   Thumb Code    32  stm32f10x_tim.o(.text)
    TIM_PrescalerConfig                      0x08003fdf   Thumb Code     6  stm32f10x_tim.o(.text)
    TIM_CounterModeConfig                    0x08003fe5   Thumb Code    18  stm32f10x_tim.o(.text)
    TIM_EncoderInterfaceConfig               0x08003ff7   Thumb Code    62  stm32f10x_tim.o(.text)
    TIM_ForcedOC1Config                      0x08004035   Thumb Code    18  stm32f10x_tim.o(.text)
    TIM_ForcedOC2Config                      0x08004047   Thumb Code    22  stm32f10x_tim.o(.text)
    TIM_ForcedOC3Config                      0x0800405d   Thumb Code    18  stm32f10x_tim.o(.text)
    TIM_ForcedOC4Config                      0x0800406f   Thumb Code    22  stm32f10x_tim.o(.text)
    TIM_ARRPreloadConfig                     0x08004085   Thumb Code    24  stm32f10x_tim.o(.text)
    TIM_SelectCOM                            0x0800409d   Thumb Code    24  stm32f10x_tim.o(.text)
    TIM_SelectCCDMA                          0x080040b5   Thumb Code    24  stm32f10x_tim.o(.text)
    TIM_CCPreloadControl                     0x080040cd   Thumb Code    24  stm32f10x_tim.o(.text)
    TIM_OC1PreloadConfig                     0x080040e5   Thumb Code    18  stm32f10x_tim.o(.text)
    TIM_OC2PreloadConfig                     0x080040f7   Thumb Code    22  stm32f10x_tim.o(.text)
    TIM_OC3PreloadConfig                     0x0800410d   Thumb Code    18  stm32f10x_tim.o(.text)
    TIM_OC4PreloadConfig                     0x0800411f   Thumb Code    22  stm32f10x_tim.o(.text)
    TIM_OC1FastConfig                        0x08004135   Thumb Code    18  stm32f10x_tim.o(.text)
    TIM_OC2FastConfig                        0x08004147   Thumb Code    22  stm32f10x_tim.o(.text)
    TIM_OC3FastConfig                        0x0800415d   Thumb Code    18  stm32f10x_tim.o(.text)
    TIM_OC4FastConfig                        0x0800416f   Thumb Code    22  stm32f10x_tim.o(.text)
    TIM_ClearOC1Ref                          0x08004185   Thumb Code    18  stm32f10x_tim.o(.text)
    TIM_ClearOC2Ref                          0x08004197   Thumb Code    20  stm32f10x_tim.o(.text)
    TIM_ClearOC3Ref                          0x080041ab   Thumb Code    18  stm32f10x_tim.o(.text)
    TIM_ClearOC4Ref                          0x080041bd   Thumb Code    20  stm32f10x_tim.o(.text)
    TIM_OC1PolarityConfig                    0x080041d1   Thumb Code    18  stm32f10x_tim.o(.text)
    TIM_OC1NPolarityConfig                   0x080041e3   Thumb Code    18  stm32f10x_tim.o(.text)
    TIM_OC2PolarityConfig                    0x080041f5   Thumb Code    22  stm32f10x_tim.o(.text)
    TIM_OC2NPolarityConfig                   0x0800420b   Thumb Code    22  stm32f10x_tim.o(.text)
    TIM_OC3PolarityConfig                    0x08004221   Thumb Code    22  stm32f10x_tim.o(.text)
    TIM_OC3NPolarityConfig                   0x08004237   Thumb Code    22  stm32f10x_tim.o(.text)
    TIM_OC4PolarityConfig                    0x0800424d   Thumb Code    22  stm32f10x_tim.o(.text)
    TIM_CCxCmd                               0x08004263   Thumb Code    34  stm32f10x_tim.o(.text)
    TIM_CCxNCmd                              0x08004285   Thumb Code    34  stm32f10x_tim.o(.text)
    TIM_SelectOCxM                           0x080042a7   Thumb Code    82  stm32f10x_tim.o(.text)
    TIM_UpdateDisableConfig                  0x080042f9   Thumb Code    24  stm32f10x_tim.o(.text)
    TIM_UpdateRequestConfig                  0x08004311   Thumb Code    24  stm32f10x_tim.o(.text)
    TIM_SelectHallSensor                     0x08004329   Thumb Code    24  stm32f10x_tim.o(.text)
    TIM_SelectOnePulseMode                   0x08004341   Thumb Code    18  stm32f10x_tim.o(.text)
    TIM_SelectOutputTrigger                  0x08004353   Thumb Code    18  stm32f10x_tim.o(.text)
    TIM_SelectSlaveMode                      0x08004365   Thumb Code    18  stm32f10x_tim.o(.text)
    TIM_SelectMasterSlaveMode                0x08004377   Thumb Code    18  stm32f10x_tim.o(.text)
    TIM_SetCounter                           0x08004389   Thumb Code     4  stm32f10x_tim.o(.text)
    TIM_SetAutoreload                        0x0800438d   Thumb Code     4  stm32f10x_tim.o(.text)
    TIM_SetCompare1                          0x08004391   Thumb Code     4  stm32f10x_tim.o(.text)
    TIM_SetCompare2                          0x08004395   Thumb Code     4  stm32f10x_tim.o(.text)
    TIM_SetCompare3                          0x08004399   Thumb Code     4  stm32f10x_tim.o(.text)
    TIM_SetCompare4                          0x0800439d   Thumb Code     6  stm32f10x_tim.o(.text)
    TIM_SetClockDivision                     0x080043a3   Thumb Code    18  stm32f10x_tim.o(.text)
    TIM_GetCapture1                          0x080043b5   Thumb Code     6  stm32f10x_tim.o(.text)
    TIM_GetCapture2                          0x080043bb   Thumb Code     6  stm32f10x_tim.o(.text)
    TIM_GetCapture3                          0x080043c1   Thumb Code     6  stm32f10x_tim.o(.text)
    TIM_GetCapture4                          0x080043c7   Thumb Code     8  stm32f10x_tim.o(.text)
    TIM_GetCounter                           0x080043cf   Thumb Code     6  stm32f10x_tim.o(.text)
    TIM_GetPrescaler                         0x080043d5   Thumb Code     6  stm32f10x_tim.o(.text)
    TIM_GetFlagStatus                        0x080043db   Thumb Code    18  stm32f10x_tim.o(.text)
    TIM_ClearFlag                            0x080043ed   Thumb Code     6  stm32f10x_tim.o(.text)
    TIM_GetITStatus                          0x080043f3   Thumb Code    34  stm32f10x_tim.o(.text)
    TIM_ClearITPendingBit                    0x08004415   Thumb Code     6  stm32f10x_tim.o(.text)
    WWDG_DeInit                              0x0800441d   Thumb Code    22  stm32f10x_wwdg.o(.text)
    WWDG_SetPrescaler                        0x08004433   Thumb Code    18  stm32f10x_wwdg.o(.text)
    WWDG_SetWindowValue                      0x08004445   Thumb Code    22  stm32f10x_wwdg.o(.text)
    WWDG_EnableIT                            0x0800445b   Thumb Code     8  stm32f10x_wwdg.o(.text)
    WWDG_SetCounter                          0x08004463   Thumb Code    12  stm32f10x_wwdg.o(.text)
    WWDG_Enable                              0x0800446f   Thumb Code    12  stm32f10x_wwdg.o(.text)
    WWDG_GetFlagStatus                       0x0800447b   Thumb Code    10  stm32f10x_wwdg.o(.text)
    WWDG_ClearFlag                           0x08004485   Thumb Code    10  stm32f10x_wwdg.o(.text)
    TIM4_Int_Init                            0x08004499   Thumb Code    90  485ann.o(.text)
    LIGHT                                    0x080044f3   Thumb Code   140  485ann.o(.text)
    turn_master_id                           0x0800457f   Thumb Code    34  485ann.o(.text)
    TIM4_IRQHandler                          0x080045a1   Thumb Code   122  485ann.o(.text)
    TIM3_Int_Init                            0x0800461b   Thumb Code    90  485ann.o(.text)
    TIM3_IRQHandler                          0x08004675   Thumb Code    98  485ann.o(.text)
    USART2_IRQHandler                        0x080046d7   Thumb Code   340  485ann.o(.text)
    RS485_Send_Data                          0x0800482b   Thumb Code    80  485ann.o(.text)
    initmybox                                0x0800487b   Thumb Code   106  485ann.o(.text)
    comp_16                                  0x080048e5   Thumb Code    22  485ann.o(.text)
    rs485_trans_order                        0x080048fb   Thumb Code   110  485ann.o(.text)
    order_trans_rs485                        0x08004969   Thumb Code   184  485ann.o(.text)
    heartbeat                                0x08004a21   Thumb Code    48  485ann.o(.text)
    led_on_off                               0x08004a51   Thumb Code     2  485ann.o(.text)
    init_mystatus                            0x08004a53   Thumb Code    30  485ann.o(.text)
    set_now_mystatus                         0x08004a71   Thumb Code    24  485ann.o(.text)
    status_trans_rs485                       0x08004a89   Thumb Code    70  485ann.o(.text)
    status_trans_rs485_scantask              0x08004acf   Thumb Code    54  485ann.o(.text)
    status_trans_rs485_dis                   0x08004b05   Thumb Code    62  485ann.o(.text)
    status_trans_rs485_RT                    0x08004b43   Thumb Code    40  485ann.o(.text)
    status_trans_rs485_comm_RT               0x08004b6b   Thumb Code    40  485ann.o(.text)
    sort_idlenode_list                       0x08004b93   Thumb Code   464  485ann.o(.text)
    turn_idlenode_list                       0x08004d63   Thumb Code   786  485ann.o(.text)
    sort_busynode_list                       0x08005075   Thumb Code   720  485ann.o(.text)
    sort_busynode_list_asc                   0x08005345   Thumb Code   720  485ann.o(.text)
    delay_time                               0x08005615   Thumb Code    12  485ann.o(.text)
    init_Queue                               0x08005621   Thumb Code  2358  485ann.o(.text)
    inquiry_slave_status                     0x08005f57   Thumb Code    86  485ann.o(.text)
    allphase                                 0x08005fad   Thumb Code   170  485ann.o(.text)
    gonglvyinshu                             0x08006057   Thumb Code  2172  485ann.o(.text)
    temperature                              0x080068d3   Thumb Code    34  485ann.o(.text)
    Alarm                                    0x080068f5   Thumb Code     2  485ann.o(.text)
    key_lcd                                  0x080068f7   Thumb Code    12  485ann.o(.text)
    myled                                    0x08006903   Thumb Code    22  485ann.o(.text)
    flash_comm_list                          0x08006919   Thumb Code   274  485ann.o(.text)
    del_comm_listnode                        0x08006a2b   Thumb Code   734  485ann.o(.text)
    init_listindex                           0x08006d09   Thumb Code    26  485ann.o(.text)
    scanf_slave_machine                      0x08006d23   Thumb Code   244  485ann.o(.text)
    change_Queue                             0x08006e17   Thumb Code  1020  485ann.o(.text)
    computer_gonglu                          0x08007213   Thumb Code  3808  485ann.o(.text)
    OS_TaskStatStkChk                        0x08008101   Thumb Code    54  os_core.o(.text)
    OS_TaskStat                              0x08008137   Thumb Code   116  os_core.o(.text)
    OS_TaskIdle                              0x080081df   Thumb Code    34  os_core.o(.text)
    OS_MemClr                                0x08008235   Thumb Code    18  os_core.o(.text)
    OSInit                                   0x08008353   Thumb Code    44  os_core.o(.text)
    OSIntEnter                               0x0800837f   Thumb Code    28  os_core.o(.text)
    OSIntExit                                0x080083b5   Thumb Code   112  os_core.o(.text)
    OSSchedLock                              0x08008425   Thumb Code    50  os_core.o(.text)
    OS_Sched                                 0x08008457   Thumb Code    88  os_core.o(.text)
    OSSchedUnlock                            0x080084af   Thumb Code   238  os_core.o(.text)
    OSStart                                  0x0800859d   Thumb Code    48  os_core.o(.text)
    OSStatInit                               0x080085cd   Thumb Code    62  os_core.o(.text)
    OSTimeTick                               0x0800860b   Thumb Code   218  os_core.o(.text)
    OSVersion                                0x080086e5   Thumb Code     6  os_core.o(.text)
    OS_Dummy                                 0x080086eb   Thumb Code     2  os_core.o(.text)
    OS_EventTaskRemove                       0x080086ed   Thumb Code    50  os_core.o(.text)
    OS_EventTaskRdy                          0x0800871f   Thumb Code   124  os_core.o(.text)
    OS_EventTaskWait                         0x0800879b   Thumb Code   120  os_core.o(.text)
    OS_EventWaitListInit                     0x08008813   Thumb Code    28  os_core.o(.text)
    OS_MemCopy                               0x0800882f   Thumb Code    20  os_core.o(.text)
    OS_StrLen                                0x08008843   Thumb Code    20  os_core.o(.text)
    OS_TCBInit                               0x08008857   Thumb Code   362  os_core.o(.text)
    OSFlagAccept                             0x080089c1   Thumb Code   268  os_flag.o(.text)
    OSFlagCreate                             0x08008acd   Thumb Code    86  os_flag.o(.text)
    OS_FlagUnlink                            0x08008b23   Thumb Code    36  os_flag.o(.text)
    OSFlagDel                                0x08008ba7   Thumb Code   214  os_flag.o(.text)
    OSFlagNameGet                            0x08008c7d   Thumb Code    80  os_flag.o(.text)
    OSFlagNameSet                            0x08008ccd   Thumb Code    66  os_flag.o(.text)
    OSFlagPend                               0x08008db7   Thumb Code   636  os_flag.o(.text)
    OSFlagPendGetFlagsRdy                    0x08009033   Thumb Code    26  os_flag.o(.text)
    OSFlagPost                               0x0800904d   Thumb Code   324  os_flag.o(.text)
    OSFlagQuery                              0x08009191   Thumb Code    48  os_flag.o(.text)
    OS_FlagInit                              0x080091c1   Thumb Code    78  os_flag.o(.text)
    OSMboxAccept                             0x0800921d   Thumb Code    38  os_mbox.o(.text)
    OSMboxCreate                             0x08009243   Thumb Code    68  os_mbox.o(.text)
    OSMboxDel                                0x08009287   Thumb Code   200  os_mbox.o(.text)
    OSMboxPend                               0x0800934f   Thumb Code   246  os_mbox.o(.text)
    OSMboxPendAbort                          0x08009445   Thumb Code   128  os_mbox.o(.text)
    OSMboxPost                               0x080094c5   Thumb Code    80  os_mbox.o(.text)
    OSMboxPostOpt                            0x08009515   Thumb Code   120  os_mbox.o(.text)
    OSMboxQuery                              0x0800958d   Thumb Code    76  os_mbox.o(.text)
    OSQAccept                                0x080095e9   Thumb Code    88  os_q.o(.text)
    OSQCreate                                0x08009641   Thumb Code   140  os_q.o(.text)
    OSQDel                                   0x080096cd   Thumb Code   236  os_q.o(.text)
    OSQFlush                                 0x080097b9   Thumb Code    36  os_q.o(.text)
    OSQPend                                  0x080097dd   Thumb Code   272  os_q.o(.text)
    OSQPendAbort                             0x080098ed   Thumb Code   128  os_q.o(.text)
    OSQPost                                  0x0800996d   Thumb Code   114  os_q.o(.text)
    OSQPostFront                             0x080099df   Thumb Code   136  os_q.o(.text)
    OSQPostOpt                               0x08009a67   Thumb Code   182  os_q.o(.text)
    OSQQuery                                 0x08009b1d   Thumb Code    98  os_q.o(.text)
    OS_QInit                                 0x08009b7f   Thumb Code    72  os_q.o(.text)
    OSSemAccept                              0x08009bd1   Thumb Code    42  os_sem.o(.text)
    OSSemCreate                              0x08009bfb   Thumb Code    68  os_sem.o(.text)
    OSSemDel                                 0x08009c3f   Thumb Code   200  os_sem.o(.text)
    OSSemPend                                0x08009d07   Thumb Code   222  os_sem.o(.text)
    OSSemPendAbort                           0x08009de5   Thumb Code   128  os_sem.o(.text)
    OSSemPost                                0x08009e65   Thumb Code    88  os_sem.o(.text)
    OSSemQuery                               0x08009ebd   Thumb Code    76  os_sem.o(.text)
    OSSemSet                                 0x08009f09   Thumb Code    66  os_sem.o(.text)
    OSTaskChangePrio                         0x08009f5d   Thumb Code   326  os_task.o(.text)
    OSTaskCreate                             0x0800a0a3   Thumb Code   148  os_task.o(.text)
    OS_TaskStkClr                            0x0800a137   Thumb Code    26  os_task.o(.text)
    OSTaskCreateExt                          0x0800a151   Thumb Code   170  os_task.o(.text)
    OSTaskDel                                0x0800a1fb   Thumb Code   302  os_task.o(.text)
    OSTaskDelReq                             0x0800a329   Thumb Code   146  os_task.o(.text)
    OSTaskNameGet                            0x0800a3bb   Thumb Code   114  os_task.o(.text)
    OSTaskNameSet                            0x0800a42d   Thumb Code    98  os_task.o(.text)
    OSTaskResume                             0x0800a48f   Thumb Code   160  os_task.o(.text)
    OSTaskStkChk                             0x0800a52f   Thumb Code   132  os_task.o(.text)
    OSTaskSuspend                            0x0800a5b3   Thumb Code   160  os_task.o(.text)
    OSTaskQuery                              0x0800a653   Thumb Code    82  os_task.o(.text)
    OSTaskRegGet                             0x0800a6a5   Thumb Code    60  os_task.o(.text)
    OSTaskRegSet                             0x0800a6e1   Thumb Code    62  os_task.o(.text)
    OS_TaskReturn                            0x0800a71f   Thumb Code    18  os_task.o(.text)
    OSTimeDly                                0x0800a749   Thumb Code   108  os_time.o(.text)
    OSTimeDlyHMSM                            0x0800a7b5   Thumb Code    86  os_time.o(.text)
    OSTimeDlyResume                          0x0800a80b   Thumb Code   176  os_time.o(.text)
    OSTimeGet                                0x0800a8bb   Thumb Code    24  os_time.o(.text)
    OSTimeSet                                0x0800a8d3   Thumb Code    24  os_time.o(.text)
    OS_CPU_SR_Save                           0x0800a909   Thumb Code     0  os_cpu_a.o(.text)
    OS_CPU_SR_Restore                        0x0800a911   Thumb Code     0  os_cpu_a.o(.text)
    OSStartHighRdy                           0x0800a917   Thumb Code     0  os_cpu_a.o(.text)
    OSCtxSw                                  0x0800a939   Thumb Code     0  os_cpu_a.o(.text)
    OSIntCtxSw                               0x0800a947   Thumb Code     0  os_cpu_a.o(.text)
    PendSV_Handler                           0x0800a957   Thumb Code     0  os_cpu_a.o(.text)
    OSInitHookBegin                          0x0800a9bd   Thumb Code     2  os_cpu_c.o(.text)
    OSInitHookEnd                            0x0800a9bf   Thumb Code     2  os_cpu_c.o(.text)
    OSTaskCreateHook                         0x0800a9c1   Thumb Code     2  os_cpu_c.o(.text)
    OSTaskDelHook                            0x0800a9c3   Thumb Code     2  os_cpu_c.o(.text)
    OSTaskIdleHook                           0x0800a9c5   Thumb Code     2  os_cpu_c.o(.text)
    OSTaskStatHook                           0x0800a9c7   Thumb Code     2  os_cpu_c.o(.text)
    OSTaskStkInit                            0x0800a9c9   Thumb Code   154  os_cpu_c.o(.text)
    OSTaskSwHook                             0x0800aa63   Thumb Code     2  os_cpu_c.o(.text)
    OSTCBInitHook                            0x0800aa65   Thumb Code     2  os_cpu_c.o(.text)
    OSTimeTickHook                           0x0800aa67   Thumb Code     2  os_cpu_c.o(.text)
    OSTaskReturnHook                         0x0800aa69   Thumb Code     2  os_cpu_c.o(.text)
    cr4_fft_256_stm32                        0x0800aa6d   Thumb Code     0  cr4_fft_256_stm32.o(.text)
    __use_no_semihosting                     0x0800b04b   Thumb Code     2  use_no_semi_2.o(.text)
    __aeabi_memcpy4                          0x0800b04d   Thumb Code     0  rt_memcpy_w.o(.text)
    __aeabi_memcpy8                          0x0800b04d   Thumb Code     0  rt_memcpy_w.o(.text)
    __rt_memcpy_w                            0x0800b04d   Thumb Code   100  rt_memcpy_w.o(.text)
    _memcpy_lastbytes_aligned                0x0800b095   Thumb Code     0  rt_memcpy_w.o(.text)
    __use_two_region_memory                  0x0800b0b1   Thumb Code     2  heapauxi.o(.text)
    __rt_heap_escrow$2region                 0x0800b0b3   Thumb Code     2  heapauxi.o(.text)
    __rt_heap_expand$2region                 0x0800b0b5   Thumb Code     2  heapauxi.o(.text)
    __I$use$semihosting                      0x0800b0b7   Thumb Code     0  use_no_semi.o(.text)
    __use_no_semihosting_swi                 0x0800b0b7   Thumb Code     2  use_no_semi.o(.text)
    __read_errno                             0x0800b0b9   Thumb Code    10  _rserrno.o(.text)
    __set_errno                              0x0800b0c3   Thumb Code    12  _rserrno.o(.text)
    __aeabi_errno_addr                       0x0800b0d1   Thumb Code     8  rt_errno_addr_intlibspace.o(.text)
    __errno$intlibspace                      0x0800b0d1   Thumb Code     0  rt_errno_addr_intlibspace.o(.text)
    __rt_errno_addr$intlibspace              0x0800b0d1   Thumb Code     0  rt_errno_addr_intlibspace.o(.text)
    __user_libspace                          0x0800b0d9   Thumb Code     8  libspace.o(.text)
    __user_perproc_libspace                  0x0800b0d9   Thumb Code     0  libspace.o(.text)
    __user_perthread_libspace                0x0800b0d9   Thumb Code     0  libspace.o(.text)
    __user_setup_stackheap                   0x0800b0e1   Thumb Code    74  sys_stackheap_outer.o(.text)
    exit                                     0x0800b12b   Thumb Code    12  exit.o(.text)
    __rt_fp_status_addr                      0x0800b139   Thumb Code     8  rt_fp_status_addr_intlibspace.o(.text)
    __ARM_fpclassify                         0x0800b141   Thumb Code    40  fpclassify.o(i.__ARM_fpclassify)
    __ieee754_rem_pio2                       0x0800b169   Thumb Code   828  rred.o(i.__ieee754_rem_pio2)
    __kernel_cos                             0x0800b4ed   Thumb Code   230  cos_i.o(i.__kernel_cos)
    __kernel_poly                            0x0800b5e9   Thumb Code   170  poly.o(i.__kernel_poly)
    __kernel_sin                             0x0800b695   Thumb Code   224  sin_i.o(i.__kernel_sin)
    __mathlib_dbl_underflow                  0x0800b781   Thumb Code    10  dunder.o(i.__mathlib_dbl_underflow)
    atan                                     0x0800b791   Thumb Code   478  atan.o(i.atan)
    atan2                                    0x0800b9b5   Thumb Code   346  atan2.o(i.atan2)
    cos                                      0x0800bb35   Thumb Code   164  cos.o(i.cos)
    sin                                      0x0800bbe1   Thumb Code   166  sin.o(i.sin)
    sqrt                                     0x0800bc91   Thumb Code    76  sqrt.o(i.sqrt)
    __aeabi_d2f                              0x0800bcdd   Thumb Code     0  d2f.o(x$fpl$d2f)
    _d2f                                     0x0800bcdd   Thumb Code    98  d2f.o(x$fpl$d2f)
    __aeabi_dadd                             0x0800bd41   Thumb Code     0  daddsub_clz.o(x$fpl$dadd)
    _dadd                                    0x0800bd41   Thumb Code   332  daddsub_clz.o(x$fpl$dadd)
    __fpl_dcheck_NaN1                        0x0800be91   Thumb Code    10  dcheck1.o(x$fpl$dcheck1)
    __fpl_dcmp_Inf                           0x0800bea1   Thumb Code    24  dcmpi.o(x$fpl$dcmpinf)
    __aeabi_ddiv                             0x0800beb9   Thumb Code     0  ddiv.o(x$fpl$ddiv)
    _ddiv                                    0x0800beb9   Thumb Code   552  ddiv.o(x$fpl$ddiv)
    __aeabi_d2iz                             0x0800c169   Thumb Code     0  dfix.o(x$fpl$dfix)
    _dfix                                    0x0800c169   Thumb Code    94  dfix.o(x$fpl$dfix)
    __aeabi_d2uiz                            0x0800c1c9   Thumb Code     0  dfixu.o(x$fpl$dfixu)
    _dfixu                                   0x0800c1c9   Thumb Code    90  dfixu.o(x$fpl$dfixu)
    __aeabi_i2d                              0x0800c223   Thumb Code     0  dflt_clz.o(x$fpl$dflt)
    _dflt                                    0x0800c223   Thumb Code    46  dflt_clz.o(x$fpl$dflt)
    __aeabi_ui2d                             0x0800c251   Thumb Code     0  dflt_clz.o(x$fpl$dfltu)
    _dfltu                                   0x0800c251   Thumb Code    38  dflt_clz.o(x$fpl$dfltu)
    __aeabi_cdcmple                          0x0800c279   Thumb Code     0  dleqf.o(x$fpl$dleqf)
    _dcmple                                  0x0800c279   Thumb Code   120  dleqf.o(x$fpl$dleqf)
    __fpl_dcmple_InfNaN                      0x0800c2db   Thumb Code     0  dleqf.o(x$fpl$dleqf)
    __aeabi_dmul                             0x0800c2f1   Thumb Code     0  dmul.o(x$fpl$dmul)
    _dmul                                    0x0800c2f1   Thumb Code   332  dmul.o(x$fpl$dmul)
    __fpl_dnaninf                            0x0800c445   Thumb Code   156  dnaninf.o(x$fpl$dnaninf)
    __fpl_dretinf                            0x0800c4e1   Thumb Code    12  dretinf.o(x$fpl$dretinf)
    __aeabi_cdrcmple                         0x0800c4ed   Thumb Code     0  drleqf.o(x$fpl$drleqf)
    _drcmple                                 0x0800c4ed   Thumb Code   108  drleqf.o(x$fpl$drleqf)
    __aeabi_drsub                            0x0800c559   Thumb Code     0  daddsub_clz.o(x$fpl$drsb)
    _drsb                                    0x0800c559   Thumb Code    22  daddsub_clz.o(x$fpl$drsb)
    _dsqrt                                   0x0800c571   Thumb Code   456  dsqrt_noumaal.o(x$fpl$dsqrt)
    __aeabi_dsub                             0x0800c73d   Thumb Code     0  daddsub_clz.o(x$fpl$dsub)
    _dsub                                    0x0800c73d   Thumb Code   464  daddsub_clz.o(x$fpl$dsub)
    __aeabi_f2d                              0x0800c911   Thumb Code     0  f2d.o(x$fpl$f2d)
    _f2d                                     0x0800c911   Thumb Code    86  f2d.o(x$fpl$f2d)
    __aeabi_fadd                             0x0800c969   Thumb Code     0  faddsub_clz.o(x$fpl$fadd)
    _fadd                                    0x0800c969   Thumb Code   196  faddsub_clz.o(x$fpl$fadd)
    __aeabi_fdiv                             0x0800ca2d   Thumb Code     0  fdiv.o(x$fpl$fdiv)
    _fdiv                                    0x0800ca2d   Thumb Code   384  fdiv.o(x$fpl$fdiv)
    __aeabi_f2iz                             0x0800cbb1   Thumb Code     0  ffix.o(x$fpl$ffix)
    _ffix                                    0x0800cbb1   Thumb Code    54  ffix.o(x$fpl$ffix)
    __aeabi_f2uiz                            0x0800cbe9   Thumb Code     0  ffixu.o(x$fpl$ffixu)
    _ffixu                                   0x0800cbe9   Thumb Code    62  ffixu.o(x$fpl$ffixu)
    __aeabi_i2f                              0x0800cc29   Thumb Code     0  fflt_clz.o(x$fpl$fflt)
    _fflt                                    0x0800cc29   Thumb Code    48  fflt_clz.o(x$fpl$fflt)
    __aeabi_fmul                             0x0800cc59   Thumb Code     0  fmul.o(x$fpl$fmul)
    _fmul                                    0x0800cc59   Thumb Code   258  fmul.o(x$fpl$fmul)
    __fpl_fnaninf                            0x0800cd5b   Thumb Code   140  fnaninf.o(x$fpl$fnaninf)
    _fp_init                                 0x0800cde7   Thumb Code    14  fpinit.o(x$fpl$fpinit)
    __fplib_config_pureend_doubles           0x0800cdf3   Thumb Code     0  fpinit.o(x$fpl$fpinit)
    __fpl_fretinf                            0x0800cdf5   Thumb Code    10  fretinf.o(x$fpl$fretinf)
    __aeabi_fsub                             0x0800ce01   Thumb Code     0  faddsub_clz.o(x$fpl$fsub)
    _fsub                                    0x0800ce01   Thumb Code   234  faddsub_clz.o(x$fpl$fsub)
    __fpl_return_NaN                         0x0800ceeb   Thumb Code   100  retnan.o(x$fpl$retnan)
    __ARM_scalbn                             0x0800cf4f   Thumb Code    92  scalbn.o(x$fpl$scalbn)
    __fpl_cmpreturn                          0x0800cfab   Thumb Code    48  trapv.o(x$fpl$trapveneer)
    __I$use$fp                               0x0800cfdb   Thumb Code     0  usenofp.o(x$fpl$usenofp)
    OSUnMapTbl                               0x0800cffc   Data         256  os_core.o(.constdata)
    __mathlib_zero                           0x0800d1c8   Data           8  qnan.o(.constdata)
    Region$$Table$$Base                      0x0800d2c0   Number         0  anon$$obj.o(Region$$Table)
    Region$$Table$$Limit                     0x0800d2e0   Number         0  anon$$obj.o(Region$$Table)
    led_lock                                 0x20000000   Data           1  main.o(.data)
    init                                     0x20000001   Data           1  main.o(.data)
    auto_on                                  0x20000002   Data           1  main.o(.data)
    temperature_warn                         0x20000003   Data           1  main.o(.data)
    SystemCoreClock                          0x20000008   Data           4  system_stm32f10x.o(.data)
    AHBPrescTable                            0x2000000c   Data          16  system_stm32f10x.o(.data)
    num12345Seg                              0x2000001c   Data          20  ht1621.o(.data)
    num67Seg                                 0x20000030   Data          20  ht1621.o(.data)
    dotnum12345Seg                           0x20000044   Data          20  ht1621.o(.data)
    dotnum67Seg                              0x20000058   Data          20  ht1621.o(.data)
    ht1621_595                               0x2000006c   Data           1  ht1621.o(.data)
    grafnum                                  0x20000071   Data           1  key.o(.data)
    zhongduan_flag                           0x20000072   Data           1  key.o(.data)
    id_num                                   0x20000073   Data           1  key.o(.data)
    vernum                                   0x20000074   Data           1  key.o(.data)
    hguestnum                                0x20000075   Data           1  key.o(.data)
    gonglvshishu                             0x20000076   Data           1  key.o(.data)
    dianya_zhi                               0x20000078   Data           2  key.o(.data)
    wugongkvar                               0x2000007a   Data           2  key.o(.data)
    dianliuzhi                               0x2000007c   Data           4  key.o(.data)
    ligt_time                                0x20000080   Data           1  key.o(.data)
    tempshuzhi                               0x20000081   Data           1  key.o(.data)
    WWDG_CNT                                 0x20000082   Data           1  wdg.o(.data)
    USART_RX_STA                             0x20000088   Data           2  usart.o(.data)
    __stdout                                 0x2000008c   Data           4  usart.o(.data)
    RS485_RX_CNT                             0x200000a4   Data           4  485ann.o(.data)
    dog_clock                                0x200000a8   Data           2  485ann.o(.data)
    K_BT                                     0x200000aa   Data           2  485ann.o(.data)
    cont                                     0x200000ac   Data           1  485ann.o(.data)
    life_time_1                              0x200000b0   Data           4  485ann.o(.data)
    life_time_2                              0x200000b4   Data           4  485ann.o(.data)
    idle_time                                0x200000b8   Data           4  485ann.o(.data)
    scan_time                                0x200000bc   Data           4  485ann.o(.data)
    true_worktime1_flag                      0x200000c0   Data           1  485ann.o(.data)
    true_worktime2_flag                      0x200000c1   Data           1  485ann.o(.data)
    turn_flag                                0x200000c2   Data           1  485ann.o(.data)
    turn_label_idle                          0x200000c3   Data           1  485ann.o(.data)
    RT_FLAG                                  0x200000c4   Data           1  485ann.o(.data)
    done_list1_flag                          0x200000c5   Data           1  485ann.o(.data)
    done_list2_flag                          0x200000c6   Data           1  485ann.o(.data)
    done_count_1                             0x200000c7   Data           1  485ann.o(.data)
    done_count_2                             0x200000c8   Data           1  485ann.o(.data)
    alarm_lock                               0x200000c9   Data           1  485ann.o(.data)
    phase_zhi                                0x200000ca   Data           1  485ann.o(.data)
    L_C_flag                                 0x200000cb   Data           1  485ann.o(.data)
    RS485_MBOX                               0x200000d4   Data           4  485ann.o(.data)
    RS485_STUTAS_MBOX                        0x200000d8   Data           4  485ann.o(.data)
    RS485_RT                                 0x200000dc   Data           4  485ann.o(.data)
    Heartbeat                                0x200000e0   Data           4  485ann.o(.data)
    master_led_task                          0x200000e4   Data           4  485ann.o(.data)
    scan_slave                               0x200000e8   Data           4  485ann.o(.data)
    m1_opentime                              0x200000ec   Data           2  485ann.o(.data)
    m2_opentime                              0x200000ee   Data           2  485ann.o(.data)
    m1_closetime                             0x200000f0   Data           2  485ann.o(.data)
    m2_closetime                             0x200000f2   Data           2  485ann.o(.data)
    mystatus                                 0x200000f4   Data           7  485ann.o(.data)
    wugong_95                                0x200000fc   Data           2  485ann.o(.data)
    wugong_computer                          0x200000fe   Data           2  485ann.o(.data)
    rework_time                              0x20000100   Data           2  485ann.o(.data)
    OSCtxSwCtr                               0x20000104   Data           4  os_core.o(.data)
    OSEventFreeList                          0x20000108   Data           4  os_core.o(.data)
    OSFlagFreeList                           0x2000010c   Data           4  os_core.o(.data)
    OSCPUUsage                               0x20000110   Data           1  os_core.o(.data)
    OSIdleCtrMax                             0x20000114   Data           4  os_core.o(.data)
    OSIdleCtrRun                             0x20000118   Data           4  os_core.o(.data)
    OSStatRdy                                0x2000011c   Data           1  os_core.o(.data)
    OSIntNesting                             0x2000011d   Data           1  os_core.o(.data)
    OSLockNesting                            0x2000011e   Data           1  os_core.o(.data)
    OSPrioCur                                0x2000011f   Data           1  os_core.o(.data)
    OSPrioHighRdy                            0x20000120   Data           1  os_core.o(.data)
    OSRdyGrp                                 0x20000121   Data           1  os_core.o(.data)
    OSRdyTbl                                 0x20000122   Data           8  os_core.o(.data)
    OSRunning                                0x2000012a   Data           1  os_core.o(.data)
    OSTaskCtr                                0x2000012b   Data           1  os_core.o(.data)
    OSIdleCtr                                0x2000012c   Data           4  os_core.o(.data)
    OSTCBCur                                 0x20000130   Data           4  os_core.o(.data)
    OSTCBFreeList                            0x20000134   Data           4  os_core.o(.data)
    OSTCBHighRdy                             0x20000138   Data           4  os_core.o(.data)
    OSTCBList                                0x2000013c   Data           4  os_core.o(.data)
    OSTickStepState                          0x20000140   Data           1  os_core.o(.data)
    OSQFreeList                              0x20000144   Data           4  os_core.o(.data)
    OSTime                                   0x20000148   Data           4  os_core.o(.data)
    SETID_TASK_STK                           0x2000014c   Data         256  main.o(.bss)
    MASTER_TASK_STK                          0x2000024c   Data         256  main.o(.bss)
    Receive_TASK_STK                         0x2000034c   Data         256  main.o(.bss)
    SCAN_TASK_STK                            0x2000044c   Data         256  main.o(.bss)
    MYLED_TASK_STK                           0x2000054c   Data         512  main.o(.bss)
    START_TASK_STK                           0x2000074c   Data         256  main.o(.bss)
    USART_RX_BUF                             0x2000084c   Data         200  usart.o(.bss)
    mybox                                    0x20000923   Data           9  485ann.o(.bss)
    sort_idle_list_1                         0x2000092c   Data          66  485ann.o(.bss)
    sort_idle_list_2                         0x2000096e   Data          66  485ann.o(.bss)
    turn_idle_list                           0x200009b0   Data         195  485ann.o(.bss)
    sort_busy_list_1                         0x20000a73   Data          99  485ann.o(.bss)
    sort_busy_list_2                         0x20000ad6   Data          99  485ann.o(.bss)
    system_status_list                       0x20000b39   Data         165  485ann.o(.bss)
    idle_done_nodelist_1                     0x20000bde   Data          33  485ann.o(.bss)
    idle_done_nodelist_2                     0x20000bff   Data          33  485ann.o(.bss)
    slave                                    0x20000c20   Data          30  485ann.o(.bss)
    rs485buf                                 0x20000c3e   Data          15  485ann.o(.bss)
    statusbuf                                0x20000c4d   Data          10  485ann.o(.bss)
    lBUFIN_V                                 0x20000c58   Data        2048  485ann.o(.bss)
    lBUFOUT_V                                0x20001458   Data        1024  485ann.o(.bss)
    lBUFIN_I                                 0x20001858   Data        2048  485ann.o(.bss)
    lBUFOUT_I                                0x20002058   Data        1024  485ann.o(.bss)
    angle                                    0x20002458   Data          32  485ann.o(.bss)
    OSEventTbl                               0x20002478   Data         200  os_core.o(.bss)
    OSFlagTbl                                0x20002540   Data          80  os_core.o(.bss)
    OSTaskStatStk                            0x20002590   Data         512  os_core.o(.bss)
    OSTaskIdleStk                            0x20002790   Data         512  os_core.o(.bss)
    OSTCBPrioTbl                             0x20002990   Data         256  os_core.o(.bss)
    OSTCBTbl                                 0x20002a90   Data        1008  os_core.o(.bss)
    OSQTbl                                   0x20002e80   Data         120  os_core.o(.bss)
    __libspace_start                         0x20002ef8   Data          96  libspace.o(.bss)
    __temporary_stack_top$libspace           0x20002f58   Data           0  libspace.o(.bss)



==============================================================================

Memory Map of the image

  Image Entry point : 0x08000131

  Load Region LR_IROM1 (Base: 0x08000000, Size: 0x0000d42c, Max: 0x00020000, ABSOLUTE, COMPRESSED[0x0000d364])

    Execution Region ER_IROM1 (Base: 0x08000000, Size: 0x0000d2e0, Max: 0x00020000, ABSOLUTE)

    Base Addr    Size         Type   Attr      Idx    E Section Name        Object

    0x08000000   0x00000130   Data   RO          530    RESET               startup_stm32f10x_hd.o
    0x08000130   0x00000008   Code   RO         1337  * !!!main             c_w.l(__main.o)
    0x08000138   0x00000034   Code   RO         1658    !!!scatter          c_w.l(__scatter.o)
    0x0800016c   0x0000005a   Code   RO         1656    !!dczerorl2         c_w.l(__dczerorl2.o)
    0x080001c6   0x00000002   PAD
    0x080001c8   0x0000001c   Code   RO         1660    !!handler_zi        c_w.l(__scatter_zi.o)
    0x080001e4   0x00000006   Code   RO         1529    .ARM.Collect$$libinit$$00000000  c_w.l(libinit.o)
    0x080001ea   0x00000000   Code   RO         1536    .ARM.Collect$$libinit$$00000006  c_w.l(libinit2.o)
    0x080001ea   0x00000000   Code   RO         1538    .ARM.Collect$$libinit$$00000008  c_w.l(libinit2.o)
    0x080001ea   0x00000000   Code   RO         1540    .ARM.Collect$$libinit$$0000000A  c_w.l(libinit2.o)
    0x080001ea   0x00000000   Code   RO         1543    .ARM.Collect$$libinit$$0000000D  c_w.l(libinit2.o)
    0x080001ea   0x00000000   Code   RO         1545    .ARM.Collect$$libinit$$0000000F  c_w.l(libinit2.o)
    0x080001ea   0x00000000   Code   RO         1547    .ARM.Collect$$libinit$$00000011  c_w.l(libinit2.o)
    0x080001ea   0x00000000   Code   RO         1549    .ARM.Collect$$libinit$$00000013  c_w.l(libinit2.o)
    0x080001ea   0x00000000   Code   RO         1551    .ARM.Collect$$libinit$$00000015  c_w.l(libinit2.o)
    0x080001ea   0x00000000   Code   RO         1553    .ARM.Collect$$libinit$$00000017  c_w.l(libinit2.o)
    0x080001ea   0x00000000   Code   RO         1555    .ARM.Collect$$libinit$$00000019  c_w.l(libinit2.o)
    0x080001ea   0x00000000   Code   RO         1557    .ARM.Collect$$libinit$$0000001B  c_w.l(libinit2.o)
    0x080001ea   0x00000000   Code   RO         1559    .ARM.Collect$$libinit$$0000001D  c_w.l(libinit2.o)
    0x080001ea   0x00000000   Code   RO         1561    .ARM.Collect$$libinit$$0000001F  c_w.l(libinit2.o)
    0x080001ea   0x00000000   Code   RO         1563    .ARM.Collect$$libinit$$00000021  c_w.l(libinit2.o)
    0x080001ea   0x00000000   Code   RO         1567    .ARM.Collect$$libinit$$00000028  c_w.l(libinit2.o)
    0x080001ea   0x00000000   Code   RO         1569    .ARM.Collect$$libinit$$0000002A  c_w.l(libinit2.o)
    0x080001ea   0x00000000   Code   RO         1571    .ARM.Collect$$libinit$$0000002C  c_w.l(libinit2.o)
    0x080001ea   0x00000000   Code   RO         1573    .ARM.Collect$$libinit$$0000002E  c_w.l(libinit2.o)
    0x080001ea   0x00000002   Code   RO         1574    .ARM.Collect$$libinit$$0000002F  c_w.l(libinit2.o)
    0x080001ec   0x00000002   Code   RO         1599    .ARM.Collect$$libshutdown$$00000000  c_w.l(libshutdown.o)
    0x080001ee   0x00000000   Code   RO         1610    .ARM.Collect$$libshutdown$$00000003  c_w.l(libshutdown2.o)
    0x080001ee   0x00000000   Code   RO         1613    .ARM.Collect$$libshutdown$$00000006  c_w.l(libshutdown2.o)
    0x080001ee   0x00000000   Code   RO         1616    .ARM.Collect$$libshutdown$$00000009  c_w.l(libshutdown2.o)
    0x080001ee   0x00000000   Code   RO         1618    .ARM.Collect$$libshutdown$$0000000B  c_w.l(libshutdown2.o)
    0x080001ee   0x00000000   Code   RO         1621    .ARM.Collect$$libshutdown$$0000000E  c_w.l(libshutdown2.o)
    0x080001ee   0x00000002   Code   RO         1622    .ARM.Collect$$libshutdown$$0000000F  c_w.l(libshutdown2.o)
    0x080001f0   0x00000000   Code   RO         1433    .ARM.Collect$$rtentry$$00000000  c_w.l(rtentry.o)
    0x080001f0   0x00000000   Code   RO         1482    .ARM.Collect$$rtentry$$00000002  c_w.l(rtentry2.o)
    0x080001f0   0x00000006   Code   RO         1494    .ARM.Collect$$rtentry$$00000004  c_w.l(rtentry4.o)
    0x080001f6   0x00000000   Code   RO         1484    .ARM.Collect$$rtentry$$00000009  c_w.l(rtentry2.o)
    0x080001f6   0x00000004   Code   RO         1485    .ARM.Collect$$rtentry$$0000000A  c_w.l(rtentry2.o)
    0x080001fa   0x00000000   Code   RO         1487    .ARM.Collect$$rtentry$$0000000C  c_w.l(rtentry2.o)
    0x080001fa   0x00000008   Code   RO         1488    .ARM.Collect$$rtentry$$0000000D  c_w.l(rtentry2.o)
    0x08000202   0x00000002   Code   RO         1532    .ARM.Collect$$rtexit$$00000000  c_w.l(rtexit.o)
    0x08000204   0x00000000   Code   RO         1580    .ARM.Collect$$rtexit$$00000002  c_w.l(rtexit2.o)
    0x08000204   0x00000004   Code   RO         1581    .ARM.Collect$$rtexit$$00000003  c_w.l(rtexit2.o)
    0x08000208   0x00000006   Code   RO         1582    .ARM.Collect$$rtexit$$00000004  c_w.l(rtexit2.o)
    0x0800020e   0x00000002   PAD
    0x08000210   0x00000c50   Code   RO            3    .text               main.o
    0x08000e60   0x00000016   Code   RO          160    .text               stm32f10x_it.o
    0x08000e76   0x00000002   PAD
    0x08000e78   0x000001c8   Code   RO          210    .text               system_stm32f10x.o
    0x08001040   0x00000294   Code   RO          256    .text               myiic.o
    0x080012d4   0x00000172   Code   RO          279    .text               24cxx.o
    0x08001446   0x00000002   PAD
    0x08001448   0x00000240   Code   RO          299    .text               adc.o
    0x08001688   0x000000d8   Code   RO          322    .text               rs485.o
    0x08001760   0x000007f4   Code   RO          342    .text               ht1621.o
    0x08001f54   0x00000258   Code   RO          369    .text               key.o
    0x080021ac   0x000000a0   Code   RO          424    .text               wdg.o
    0x0800224c   0x00000114   Code   RO          447    .text               delay.o
    0x08002360   0x0000000c   Code   RO          469    .text               sys.o
    0x0800236c   0x00000148   Code   RO          489    .text               usart.o
    0x080024b4   0x00000040   Code   RO          531    .text               startup_stm32f10x_hd.o
    0x080024f4   0x000000dc   Code   RO          537    .text               misc.o
    0x080025d0   0x00000358   Code   RO          577    .text               stm32f10x_gpio.o
    0x08002928   0x000003a0   Code   RO          597    .text               stm32f10x_rcc.o
    0x08002cc8   0x0000040c   Code   RO          639    .text               stm32f10x_usart.o
    0x080030d4   0x0000043c   Code   RO          659    .text               stm32f10x_adc.o
    0x08003510   0x0000011c   Code   RO          748    .text               stm32f10x_exti.o
    0x0800362c   0x00000040   Code   RO          814    .text               stm32f10x_iwdg.o
    0x0800366c   0x00000dae   Code   RO          903    .text               stm32f10x_tim.o
    0x0800441a   0x00000002   PAD
    0x0800441c   0x0000007c   Code   RO          926    .text               stm32f10x_wwdg.o
    0x08004498   0x00003c68   Code   RO          946    .text               485ann.o
    0x08008100   0x000008c0   Code   RO          975    .text               os_core.o
    0x080089c0   0x0000085c   Code   RO         1003    .text               os_flag.o
    0x0800921c   0x000003cc   Code   RO         1023    .text               os_mbox.o
    0x080095e8   0x000005e8   Code   RO         1077    .text               os_q.o
    0x08009bd0   0x0000038c   Code   RO         1097    .text               os_sem.o
    0x08009f5c   0x000007ec   Code   RO         1117    .text               os_task.o
    0x0800a748   0x000001c0   Code   RO         1137    .text               os_time.o
    0x0800a908   0x000000b4   Code   RO         1169    .text               os_cpu_a.o
    0x0800a9bc   0x000000ae   Code   RO         1174    .text               os_cpu_c.o
    0x0800aa6a   0x00000002   PAD
    0x0800aa6c   0x000005de   Code   RO         1265    .text               cr4_fft_256_stm32.o
    0x0800b04a   0x00000002   Code   RO         1282    .text               c_w.l(use_no_semi_2.o)
    0x0800b04c   0x00000064   Code   RO         1333    .text               c_w.l(rt_memcpy_w.o)
    0x0800b0b0   0x00000006   Code   RO         1335    .text               c_w.l(heapauxi.o)
    0x0800b0b6   0x00000002   Code   RO         1431    .text               c_w.l(use_no_semi.o)
    0x0800b0b8   0x00000016   Code   RO         1434    .text               c_w.l(_rserrno.o)
    0x0800b0ce   0x00000002   PAD
    0x0800b0d0   0x00000008   Code   RO         1499    .text               c_w.l(rt_errno_addr_intlibspace.o)
    0x0800b0d8   0x00000008   Code   RO         1515    .text               c_w.l(libspace.o)
    0x0800b0e0   0x0000004a   Code   RO         1518    .text               c_w.l(sys_stackheap_outer.o)
    0x0800b12a   0x0000000c   Code   RO         1522    .text               c_w.l(exit.o)
    0x0800b136   0x00000002   PAD
    0x0800b138   0x00000008   Code   RO         1589    .text               c_w.l(rt_fp_status_addr_intlibspace.o)
    0x0800b140   0x00000028   Code   RO         1511    i.__ARM_fpclassify  m_ws.l(fpclassify.o)
    0x0800b168   0x00000384   Code   RO         1470    i.__ieee754_rem_pio2  m_ws.l(rred.o)
    0x0800b4ec   0x000000fc   Code   RO         1466    i.__kernel_cos      m_ws.l(cos_i.o)
    0x0800b5e8   0x000000aa   Code   RO         1513    i.__kernel_poly     m_ws.l(poly.o)
    0x0800b692   0x00000002   PAD
    0x0800b694   0x000000ec   Code   RO         1475    i.__kernel_sin      m_ws.l(sin_i.o)
    0x0800b780   0x00000010   Code   RO         1509    i.__mathlib_dbl_underflow  m_ws.l(dunder.o)
    0x0800b790   0x00000224   Code   RO         1457    i.atan              m_ws.l(atan.o)
    0x0800b9b4   0x00000180   Code   RO         1400    i.atan2             m_ws.l(atan2.o)
    0x0800bb34   0x000000ac   Code   RO         1408    i.cos               m_ws.l(cos.o)
    0x0800bbe0   0x000000b0   Code   RO         1416    i.sin               m_ws.l(sin.o)
    0x0800bc90   0x0000004c   Code   RO         1424    i.sqrt              m_ws.l(sqrt.o)
    0x0800bcdc   0x00000062   Code   RO         1339    x$fpl$d2f           fz_ws.l(d2f.o)
    0x0800bd3e   0x00000002   PAD
    0x0800bd40   0x00000150   Code   RO         1341    x$fpl$dadd          fz_ws.l(daddsub_clz.o)
    0x0800be90   0x00000010   Code   RO         1507    x$fpl$dcheck1       fz_ws.l(dcheck1.o)
    0x0800bea0   0x00000018   Code   RO         1441    x$fpl$dcmpinf       fz_ws.l(dcmpi.o)
    0x0800beb8   0x000002b0   Code   RO         1348    x$fpl$ddiv          fz_ws.l(ddiv.o)
    0x0800c168   0x0000005e   Code   RO         1351    x$fpl$dfix          fz_ws.l(dfix.o)
    0x0800c1c6   0x00000002   PAD
    0x0800c1c8   0x0000005a   Code   RO         1355    x$fpl$dfixu         fz_ws.l(dfixu.o)
    0x0800c222   0x0000002e   Code   RO         1360    x$fpl$dflt          fz_ws.l(dflt_clz.o)
    0x0800c250   0x00000026   Code   RO         1359    x$fpl$dfltu         fz_ws.l(dflt_clz.o)
    0x0800c276   0x00000002   PAD
    0x0800c278   0x00000078   Code   RO         1365    x$fpl$dleqf         fz_ws.l(dleqf.o)
    0x0800c2f0   0x00000154   Code   RO         1367    x$fpl$dmul          fz_ws.l(dmul.o)
    0x0800c444   0x0000009c   Code   RO         1443    x$fpl$dnaninf       fz_ws.l(dnaninf.o)
    0x0800c4e0   0x0000000c   Code   RO         1445    x$fpl$dretinf       fz_ws.l(dretinf.o)
    0x0800c4ec   0x0000006c   Code   RO         1369    x$fpl$drleqf        fz_ws.l(drleqf.o)
    0x0800c558   0x00000016   Code   RO         1342    x$fpl$drsb          fz_ws.l(daddsub_clz.o)
    0x0800c56e   0x00000002   PAD
    0x0800c570   0x000001cc   Code   RO         1447    x$fpl$dsqrt         fz_ws.l(dsqrt_noumaal.o)
    0x0800c73c   0x000001d4   Code   RO         1343    x$fpl$dsub          fz_ws.l(daddsub_clz.o)
    0x0800c910   0x00000056   Code   RO         1371    x$fpl$f2d           fz_ws.l(f2d.o)
    0x0800c966   0x00000002   PAD
    0x0800c968   0x000000c4   Code   RO         1373    x$fpl$fadd          fz_ws.l(faddsub_clz.o)
    0x0800ca2c   0x00000184   Code   RO         1380    x$fpl$fdiv          fz_ws.l(fdiv.o)
    0x0800cbb0   0x00000036   Code   RO         1383    x$fpl$ffix          fz_ws.l(ffix.o)
    0x0800cbe6   0x00000002   PAD
    0x0800cbe8   0x0000003e   Code   RO         1387    x$fpl$ffixu         fz_ws.l(ffixu.o)
    0x0800cc26   0x00000002   PAD
    0x0800cc28   0x00000030   Code   RO         1392    x$fpl$fflt          fz_ws.l(fflt_clz.o)
    0x0800cc58   0x00000102   Code   RO         1397    x$fpl$fmul          fz_ws.l(fmul.o)
    0x0800cd5a   0x0000008c   Code   RO         1449    x$fpl$fnaninf       fz_ws.l(fnaninf.o)
    0x0800cde6   0x0000000e   Code   RO         1575    x$fpl$fpinit        fz_ws.l(fpinit.o)
    0x0800cdf4   0x0000000a   Code   RO         1451    x$fpl$fretinf       fz_ws.l(fretinf.o)
    0x0800cdfe   0x00000002   PAD
    0x0800ce00   0x000000ea   Code   RO         1375    x$fpl$fsub          fz_ws.l(faddsub_clz.o)
    0x0800ceea   0x00000064   Code   RO         1530    x$fpl$retnan        fz_ws.l(retnan.o)
    0x0800cf4e   0x0000005c   Code   RO         1453    x$fpl$scalbn        fz_ws.l(scalbn.o)
    0x0800cfaa   0x00000030   Code   RO         1577    x$fpl$trapveneer    fz_ws.l(trapv.o)
    0x0800cfda   0x00000000   Code   RO         1455    x$fpl$usenofp       fz_ws.l(usenofp.o)
    0x0800cfda   0x00000002   PAD
    0x0800cfdc   0x00000020   Data   RO          948    .constdata          485ann.o
    0x0800cffc   0x00000100   Data   RO          977    .constdata          os_core.o
    0x0800d0fc   0x00000004   PAD
    0x0800d100   0x00000098   Data   RO         1458    .constdata          m_ws.l(atan.o)
    0x0800d198   0x00000030   Data   RO         1467    .constdata          m_ws.l(cos_i.o)
    0x0800d1c8   0x00000008   Data   RO         1469    .constdata          m_ws.l(qnan.o)
    0x0800d1d0   0x000000c8   Data   RO         1472    .constdata          m_ws.l(rred.o)
    0x0800d298   0x00000028   Data   RO         1476    .constdata          m_ws.l(sin_i.o)
    0x0800d2c0   0x00000020   Data   RO         1654    Region$$Table       anon$$obj.o


    Execution Region RW_IRAM1 (Base: 0x20000000, Size: 0x00003558, Max: 0x00005000, ABSOLUTE, COMPRESSED[0x00000084])

    Base Addr    Size         Type   Attr      Idx    E Section Name        Object

    0x20000000   0x00000006   Data   RW            5    .data               main.o
    0x20000006   0x00000002   PAD
    0x20000008   0x00000014   Data   RW          211    .data               system_stm32f10x.o
    0x2000001c   0x00000051   Data   RW          343    .data               ht1621.o
    0x2000006d   0x00000003   PAD
    0x20000070   0x00000012   Data   RW          370    .data               key.o
    0x20000082   0x00000001   Data   RW          425    .data               wdg.o
    0x20000083   0x00000001   PAD
    0x20000084   0x00000004   Data   RW          448    .data               delay.o
    0x20000088   0x00000008   Data   RW          491    .data               usart.o
    0x20000090   0x00000014   Data   RW          598    .data               stm32f10x_rcc.o
    0x200000a4   0x0000005e   Data   RW          949    .data               485ann.o
    0x20000102   0x00000002   PAD
    0x20000104   0x00000048   Data   RW          978    .data               os_core.o
    0x2000014c   0x00000700   Zero   RW            4    .bss                main.o
    0x2000084c   0x000000c8   Zero   RW          490    .bss                usart.o
    0x20000914   0x00000004   PAD
    0x20000918   0x00001b60   Zero   RW          947    .bss                485ann.o
    0x20002478   0x00000a80   Zero   RW          976    .bss                os_core.o
    0x20002ef8   0x00000060   Zero   RW         1516    .bss                c_w.l(libspace.o)
    0x20002f58   0x00000200   Zero   RW          529    HEAP                startup_stm32f10x_hd.o
    0x20003158   0x00000400   Zero   RW          528    STACK               startup_stm32f10x_hd.o


==============================================================================

Image component sizes


      Code (inc. data)   RO Data    RW Data    ZI Data      Debug   Object Name

       370          0          0          0          0       2742   24cxx.o
     15464        486         32         94       7008      21213   485ann.o
       576         18          0          0          0      11219   adc.o
      1502       1008          0          0          0        316   cr4_fft_256_stm32.o
       276         20          0          4          0       1414   delay.o
      2036         82          0         81          0       5677   ht1621.o
       600         82          0         18          0       1509   key.o
      3152        170          0          6       1792     251366   main.o
       220         20          0          0          0       1729   misc.o
       660         32          0          0          0       1840   myiic.o
      2240        218        256         72       2688      14831   os_core.o
       180         36          0          0          0        292   os_cpu_a.o
       174          0          0          0          0      10258   os_cpu_c.o
      2140         44          0          0          0       7028   os_flag.o
       972         16          0          0          0       4238   os_mbox.o
      1512         30          0          0          0       5693   os_q.o
       908         18          0          0          0       3970   os_sem.o
      2028         70          0          0          0       7713   os_task.o
       448         30          0          0          0       1810   os_time.o
       216         16          0          0          0        709   rs485.o
        64         26        304          0       1536        760   startup_stm32f10x_hd.o
      1084         26          0          0          0      10945   stm32f10x_adc.o
       284         10          0          0          0       2183   stm32f10x_exti.o
       856         40          0          0          0       5661   stm32f10x_gpio.o
        22          0          0          0          0        963   stm32f10x_it.o
        64          6          0          0          0       1241   stm32f10x_iwdg.o
       928         44          0         20          0       8796   stm32f10x_rcc.o
      3502         86          0          0          0      43144   stm32f10x_tim.o
      1036         20          0          0          0       8404   stm32f10x_usart.o
       124         10          0          0          0       2196   stm32f10x_wwdg.o
        12          0          0          0          0        413   sys.o
       456         36          0         20          0       1635   system_stm32f10x.o
       328         18          0          8        200       2966   usart.o
       160          4          0          1          0       1555   wdg.o

    ----------------------------------------------------------------------
     44602       2722        628        332      13228     446429   Object Totals
         0          0         32          0          0          0   (incl. Generated)
         8          0          4          8          4          0   (incl. Padding)

    ----------------------------------------------------------------------

      Code (inc. data)   RO Data    RW Data    ZI Data      Debug   Library Member Name

        90          0          0          0          0          0   __dczerorl2.o
         8          0          0          0          0         68   __main.o
        52          8          0          0          0          0   __scatter.o
        28          0          0          0          0          0   __scatter_zi.o
        22          0          0          0          0        100   _rserrno.o
        12          0          0          0          0         72   exit.o
         6          0          0          0          0        152   heapauxi.o
         6          0          0          0          0          0   libinit.o
         2          0          0          0          0          0   libinit2.o
         2          0          0          0          0          0   libshutdown.o
         2          0          0          0          0          0   libshutdown2.o
         8          4          0          0         96         68   libspace.o
         8          4          0          0          0         68   rt_errno_addr_intlibspace.o
         8          4          0          0          0         68   rt_fp_status_addr_intlibspace.o
       100          0          0          0          0         80   rt_memcpy_w.o
         0          0          0          0          0          0   rtentry.o
        12          0          0          0          0          0   rtentry2.o
         6          0          0          0          0          0   rtentry4.o
         2          0          0          0          0          0   rtexit.o
        10          0          0          0          0          0   rtexit2.o
        74          0          0          0          0         80   sys_stackheap_outer.o
         2          0          0          0          0         68   use_no_semi.o
         2          0          0          0          0         68   use_no_semi_2.o
        98          4          0          0          0         92   d2f.o
       826         16          0          0          0        356   daddsub_clz.o
        16          4          0          0          0         68   dcheck1.o
        24          0          0          0          0         68   dcmpi.o
       688        140          0          0          0        212   ddiv.o
        94          4          0          0          0         92   dfix.o
        90          4          0          0          0         92   dfixu.o
        84          0          0          0          0        136   dflt_clz.o
       120          4          0          0          0         92   dleqf.o
       340         12          0          0          0        104   dmul.o
       156          4          0          0          0         92   dnaninf.o
        12          0          0          0          0         68   dretinf.o
       108          0          0          0          0         80   drleqf.o
       460         56          0          0          0        120   dsqrt_noumaal.o
        86          4          0          0          0         84   f2d.o
       430          8          0          0          0        168   faddsub_clz.o
       388         76          0          0          0         96   fdiv.o
        54          4          0          0          0         84   ffix.o
        62          4          0          0          0         84   ffixu.o
        48          0          0          0          0         68   fflt_clz.o
       258          4          0          0          0         84   fmul.o
       140          4          0          0          0         84   fnaninf.o
        14          0          0          0          0         76   fpinit.o
        10          0          0          0          0         68   fretinf.o
       100          0          0          0          0         68   retnan.o
        92          0          0          0          0         68   scalbn.o
        48          0          0          0          0         68   trapv.o
         0          0          0          0          0          0   usenofp.o
       548         70        152          0          0        128   atan.o
       384         38          0          0          0        144   atan2.o
       172          8          0          0          0        116   cos.o
       252         22         48          0          0        128   cos_i.o
        16          6          0          0          0         68   dunder.o
        40          0          0          0          0         68   fpclassify.o
       170          0          0          0          0         96   poly.o
         0          0          8          0          0          0   qnan.o
       900         72        200          0          0        140   rred.o
       176         10          0          0          0        120   sin.o
       236         12         40          0          0        132   sin_i.o
        76          0          0          0          0         84   sqrt.o

    ----------------------------------------------------------------------
      8306        610        448          0         96       4888   Library Totals
        28          0          0          0          0          0   (incl. Padding)

    ----------------------------------------------------------------------

      Code (inc. data)   RO Data    RW Data    ZI Data      Debug   Library Name

       462         20          0          0         96        892   c_w.l
      4846        352          0          0          0       2772   fz_ws.l
      2970        238        448          0          0       1224   m_ws.l

    ----------------------------------------------------------------------
      8306        610        448          0         96       4888   Library Totals

    ----------------------------------------------------------------------

==============================================================================


      Code (inc. data)   RO Data    RW Data    ZI Data      Debug   

     52908       3332       1076        332      13324     445649   Grand Totals
     52908       3332       1076        132      13324     445649   ELF Image Totals (compressed)
     52908       3332       1076        132          0          0   ROM Totals

==============================================================================

    Total RO  Size (Code + RO Data)                53984 (  52.72kB)
    Total RW  Size (RW Data + ZI Data)             13656 (  13.34kB)
    Total ROM Size (Code + RO Data + RW Data)      54116 (  52.85kB)

==============================================================================

